Dec 31 21:03:24 localhost journal: Runtime journal is using 8.0M (max allowed 182.8M, trying to leave 274.2M free of 1.7G available â†’ current limit 182.8M).
Dec 31 21:03:24 localhost kernel: microcode: microcode updated early to revision 0xec, date = 2021-04-28
Dec 31 21:03:24 localhost kernel: Initializing cgroup subsys cpuset
Dec 31 21:03:24 localhost kernel: Initializing cgroup subsys cpu
Dec 31 21:03:24 localhost kernel: Initializing cgroup subsys cpuacct
Dec 31 21:03:24 localhost kernel: Linux version 3.10.0-1160.71.1.el7.x86_64 (mockbuild@kbuilder.bsys.centos.org) (gcc version 4.8.5 20150623 (Red Hat 4.8.5-44) (GCC) ) #1 SMP Tue Jun 28 15:37:28 UTC 2022
Dec 31 21:03:24 localhost kernel: Command line: BOOT_IMAGE=/vmlinuz-3.10.0-1160.71.1.el7.x86_64 root=/dev/mapper/centos-root ro crashkernel=auto spectre_v2=retpoline rd.lvm.lv=centos/root rd.lvm.lv=centos/swap rhgb quiet LANG=en_US.UTF-8
Dec 31 21:03:24 localhost kernel: e820: BIOS-provided physical RAM map:
Dec 31 21:03:24 localhost kernel: BIOS-e820: [mem 0x0000000000000000-0x0000000000057fff] usable
Dec 31 21:03:24 localhost kernel: BIOS-e820: [mem 0x0000000000058000-0x0000000000058fff] reserved
Dec 31 21:03:24 localhost kernel: BIOS-e820: [mem 0x0000000000059000-0x000000000009efff] usable
Dec 31 21:03:24 localhost kernel: BIOS-e820: [mem 0x000000000009f000-0x000000000009ffff] reserved
Dec 31 21:03:24 localhost kernel: BIOS-e820: [mem 0x0000000000100000-0x00000000b62eefff] usable
Dec 31 21:03:24 localhost kernel: BIOS-e820: [mem 0x00000000b62ef000-0x00000000b62effff] ACPI NVS
Dec 31 21:03:24 localhost kernel: BIOS-e820: [mem 0x00000000b62f0000-0x00000000b62f0fff] reserved
Dec 31 21:03:24 localhost kernel: BIOS-e820: [mem 0x00000000b62f1000-0x00000000c5306fff] usable
Dec 31 21:03:24 localhost kernel: BIOS-e820: [mem 0x00000000c5307000-0x00000000c567dfff] reserved
Dec 31 21:03:24 localhost kernel: BIOS-e820: [mem 0x00000000c567e000-0x00000000c56cafff] ACPI data
Dec 31 21:03:24 localhost kernel: BIOS-e820: [mem 0x00000000c56cb000-0x00000000c5ff1fff] ACPI NVS
Dec 31 21:03:24 localhost kernel: BIOS-e820: [mem 0x00000000c5ff2000-0x00000000c65fefff] reserved
Dec 31 21:03:24 localhost kernel: BIOS-e820: [mem 0x00000000c65ff000-0x00000000c65fffff] usable
Dec 31 21:03:24 localhost kernel: BIOS-e820: [mem 0x00000000f8000000-0x00000000fbffffff] reserved
Dec 31 21:03:24 localhost kernel: BIOS-e820: [mem 0x00000000fe000000-0x00000000fe010fff] reserved
Dec 31 21:03:24 localhost kernel: BIOS-e820: [mem 0x00000000fec00000-0x00000000fec00fff] reserved
Dec 31 21:03:24 localhost kernel: BIOS-e820: [mem 0x00000000fee00000-0x00000000fee00fff] reserved
Dec 31 21:03:24 localhost kernel: BIOS-e820: [mem 0x00000000ff000000-0x00000000ffffffff] reserved
Dec 31 21:03:24 localhost kernel: BIOS-e820: [mem 0x0000000100000000-0x00000001327fffff] usable
Dec 31 21:03:24 localhost kernel: NX (Execute Disable) protection: active
Dec 31 21:03:24 localhost kernel: extended physical RAM map:
Dec 31 21:03:24 localhost kernel: reserve setup_data: [mem 0x0000000000000000-0x0000000000057fff] usable
Dec 31 21:03:24 localhost kernel: reserve setup_data: [mem 0x0000000000058000-0x0000000000058fff] reserved
Dec 31 21:03:24 localhost kernel: reserve setup_data: [mem 0x0000000000059000-0x000000000009efff] usable
Dec 31 21:03:24 localhost kernel: reserve setup_data: [mem 0x000000000009f000-0x000000000009ffff] reserved
Dec 31 21:03:24 localhost kernel: reserve setup_data: [mem 0x0000000000100000-0x00000000b44fc017] usable
Dec 31 21:03:24 localhost kernel: reserve setup_data: [mem 0x00000000b44fc018-0x00000000b450a057] usable
Dec 31 21:03:24 localhost kernel: reserve setup_data: [mem 0x00000000b450a058-0x00000000b450b017] usable
Dec 31 21:03:24 localhost kernel: reserve setup_data: [mem 0x00000000b450b018-0x00000000b4528a57] usable
Dec 31 21:03:24 localhost kernel: reserve setup_data: [mem 0x00000000b4528a58-0x00000000b4529017] usable
Dec 31 21:03:24 localhost kernel: reserve setup_data: [mem 0x00000000b4529018-0x00000000b4539057] usable
Dec 31 21:03:24 localhost kernel: reserve setup_data: [mem 0x00000000b4539058-0x00000000b62eefff] usable
Dec 31 21:03:24 localhost kernel: reserve setup_data: [mem 0x00000000b62ef000-0x00000000b62effff] ACPI NVS
Dec 31 21:03:24 localhost kernel: reserve setup_data: [mem 0x00000000b62f0000-0x00000000b62f0fff] reserved
Dec 31 21:03:24 localhost kernel: reserve setup_data: [mem 0x00000000b62f1000-0x00000000c5306fff] usable
Dec 31 21:03:24 localhost kernel: reserve setup_data: [mem 0x00000000c5307000-0x00000000c567dfff] reserved
Dec 31 21:03:24 localhost kernel: reserve setup_data: [mem 0x00000000c567e000-0x00000000c56cafff] ACPI data
Dec 31 21:03:24 localhost kernel: reserve setup_data: [mem 0x00000000c56cb000-0x00000000c5ff1fff] ACPI NVS
Dec 31 21:03:24 localhost kernel: reserve setup_data: [mem 0x00000000c5ff2000-0x00000000c65fefff] reserved
Dec 31 21:03:24 localhost kernel: reserve setup_data: [mem 0x00000000c65ff000-0x00000000c65fffff] usable
Dec 31 21:03:24 localhost kernel: reserve setup_data: [mem 0x00000000f8000000-0x00000000fbffffff] reserved
Dec 31 21:03:24 localhost kernel: reserve setup_data: [mem 0x00000000fe000000-0x00000000fe010fff] reserved
Dec 31 21:03:24 localhost kernel: reserve setup_data: [mem 0x00000000fec00000-0x00000000fec00fff] reserved
Dec 31 21:03:24 localhost kernel: reserve setup_data: [mem 0x00000000fee00000-0x00000000fee00fff] reserved
Dec 31 21:03:24 localhost kernel: reserve setup_data: [mem 0x00000000ff000000-0x00000000ffffffff] reserved
Dec 31 21:03:24 localhost kernel: reserve setup_data: [mem 0x0000000100000000-0x00000001327fffff] usable
Dec 31 21:03:24 localhost kernel: efi: EFI v2.40 by American Megatrends
Dec 31 21:03:24 localhost kernel: efi:  ACPI=0xc569e000  ACPI 2.0=0xc569e000  SMBIOS=0xf05e0  SMBIOS 3.0=0xf0600  ESRT=0xc635a598  MPS=0xfcba0  MOKvar=0xc610d000 
Dec 31 21:03:24 localhost kernel: efi: mem00: type=3, attr=0xf, range=[0x0000000000000000-0x0000000000008000) (0MB)
Dec 31 21:03:24 localhost kernel: efi: mem01: type=2, attr=0xf, range=[0x0000000000008000-0x0000000000009000) (0MB)
Dec 31 21:03:24 localhost kernel: efi: mem02: type=7, attr=0xf, range=[0x0000000000009000-0x0000000000048000) (0MB)
Dec 31 21:03:24 localhost kernel: efi: mem03: type=4, attr=0xf, range=[0x0000000000048000-0x0000000000058000) (0MB)
Dec 31 21:03:24 localhost kernel: efi: mem04: type=0, attr=0xf, range=[0x0000000000058000-0x0000000000059000) (0MB)
Dec 31 21:03:24 localhost kernel: efi: mem05: type=7, attr=0xf, range=[0x0000000000059000-0x000000000005f000) (0MB)
Dec 31 21:03:24 localhost kernel: efi: mem06: type=4, attr=0xf, range=[0x000000000005f000-0x0000000000060000) (0MB)
Dec 31 21:03:24 localhost kernel: efi: mem07: type=3, attr=0xf, range=[0x0000000000060000-0x000000000009f000) (0MB)
Dec 31 21:03:24 localhost kernel: efi: mem08: type=0, attr=0xf, range=[0x000000000009f000-0x00000000000a0000) (0MB)
Dec 31 21:03:24 localhost kernel: efi: mem09: type=7, attr=0xf, range=[0x0000000000100000-0x0000000001000000) (15MB)
Dec 31 21:03:24 localhost kernel: efi: mem10: type=2, attr=0xf, range=[0x0000000001000000-0x0000000003161000) (33MB)
Dec 31 21:03:24 localhost kernel: efi: mem11: type=7, attr=0xf, range=[0x0000000003161000-0x000000003ea2c000) (952MB)
Dec 31 21:03:24 localhost kernel: efi: mem12: type=2, attr=0xf, range=[0x000000003ea2c000-0x0000000040000000) (21MB)
Dec 31 21:03:24 localhost kernel: efi: mem13: type=7, attr=0xf, range=[0x0000000040000000-0x000000006924a000) (658MB)
Dec 31 21:03:24 localhost kernel: efi: mem14: type=2, attr=0xf, range=[0x000000006924a000-0x00000000963be000) (721MB)
Dec 31 21:03:24 localhost kernel: efi: mem15: type=4, attr=0xf, range=[0x00000000963be000-0x00000000963fe000) (0MB)
Dec 31 21:03:24 localhost kernel: efi: mem16: type=7, attr=0xf, range=[0x00000000963fe000-0x00000000b44fc000) (480MB)
Dec 31 21:03:24 localhost kernel: efi: mem17: type=2, attr=0xf, range=[0x00000000b44fc000-0x00000000b453a000) (0MB)
Dec 31 21:03:24 localhost kernel: efi: mem18: type=1, attr=0xf, range=[0x00000000b453a000-0x00000000b464b000) (1MB)
Dec 31 21:03:24 localhost kernel: efi: mem19: type=2, attr=0xf, range=[0x00000000b464b000-0x00000000b475d000) (1MB)
Dec 31 21:03:24 localhost kernel: efi: mem20: type=1, attr=0xf, range=[0x00000000b475d000-0x00000000b4877000) (1MB)
Dec 31 21:03:24 localhost kernel: efi: mem21: type=4, attr=0xf, range=[0x00000000b4877000-0x00000000b62ef000) (26MB)
Dec 31 21:03:24 localhost kernel: efi: mem22: type=10, attr=0xf, range=[0x00000000b62ef000-0x00000000b62f0000) (0MB)
Dec 31 21:03:24 localhost kernel: efi: mem23: type=6, attr=0x800000000000000f, range=[0x00000000b62f0000-0x00000000b62f1000) (0MB)
Dec 31 21:03:24 localhost kernel: efi: mem24: type=4, attr=0xf, range=[0x00000000b62f1000-0x00000000b63ae000) (0MB)
Dec 31 21:03:24 localhost kernel: efi: mem25: type=7, attr=0xf, range=[0x00000000b63ae000-0x00000000b63b4000) (0MB)
Dec 31 21:03:24 localhost kernel: efi: mem26: type=2, attr=0xf, range=[0x00000000b63b4000-0x00000000b63bd000) (0MB)
Dec 31 21:03:24 localhost kernel: efi: mem27: type=4, attr=0xf, range=[0x00000000b63bd000-0x00000000c4a91000) (230MB)
Dec 31 21:03:24 localhost kernel: efi: mem28: type=7, attr=0xf, range=[0x00000000c4a91000-0x00000000c4c67000) (1MB)
Dec 31 21:03:24 localhost kernel: efi: mem29: type=3, attr=0xf, range=[0x00000000c4c67000-0x00000000c5307000) (6MB)
Dec 31 21:03:24 localhost kernel: efi: mem30: type=0, attr=0xf, range=[0x00000000c5307000-0x00000000c567e000) (3MB)
Dec 31 21:03:24 localhost kernel: efi: mem31: type=9, attr=0xf, range=[0x00000000c567e000-0x00000000c56cb000) (0MB)
Dec 31 21:03:24 localhost kernel: efi: mem32: type=10, attr=0xf, range=[0x00000000c56cb000-0x00000000c5ff2000) (9MB)
Dec 31 21:03:24 localhost kernel: efi: mem33: type=6, attr=0x800000000000000f, range=[0x00000000c5ff2000-0x00000000c6589000) (5MB)
Dec 31 21:03:24 localhost kernel: efi: mem34: type=5, attr=0x800000000000000f, range=[0x00000000c6589000-0x00000000c65ff000) (0MB)
Dec 31 21:03:24 localhost kernel: efi: mem35: type=4, attr=0xf, range=[0x00000000c65ff000-0x00000000c6600000) (0MB)
Dec 31 21:03:24 localhost kernel: efi: mem36: type=7, attr=0xf, range=[0x0000000100000000-0x0000000132800000) (808MB)
Dec 31 21:03:24 localhost kernel: efi: mem37: type=11, attr=0x8000000000000000, range=[0x00000000f8000000-0x00000000fc000000) (64MB)
Dec 31 21:03:24 localhost kernel: efi: mem38: type=11, attr=0x8000000000000001, range=[0x00000000fe000000-0x00000000fe011000) (0MB)
Dec 31 21:03:24 localhost kernel: efi: mem39: type=11, attr=0x8000000000000001, range=[0x00000000fec00000-0x00000000fec01000) (0MB)
Dec 31 21:03:24 localhost kernel: efi: mem40: type=11, attr=0x8000000000000001, range=[0x00000000fee00000-0x00000000fee01000) (0MB)
Dec 31 21:03:24 localhost kernel: efi: mem41: type=11, attr=0x8000000000000001, range=[0x00000000ff000000-0x0000000100000000) (16MB)
Dec 31 21:03:24 localhost kernel: esrt: Reserving ESRT space from 0x00000000c635a598 to 0x00000000c635a5d0.
Dec 31 21:03:24 localhost kernel: SMBIOS 3.0.0 present.
Dec 31 21:03:24 localhost kernel: DMI: Dell Inc. Latitude 3480/0JV9NC, BIOS 1.0.3 02/09/2017
Dec 31 21:03:24 localhost kernel: e820: last_pfn = 0x132800 max_arch_pfn = 0x400000000
Dec 31 21:03:24 localhost kernel: PAT configuration [0-7]: WB  WC  UC- UC  WB  WP  UC- UC  
Dec 31 21:03:24 localhost kernel: e820: last_pfn = 0xc6600 max_arch_pfn = 0x400000000
Dec 31 21:03:24 localhost kernel: found SMP MP-table at [mem 0x000fcdc0-0x000fcdcf] mapped at [ffffffffff240dc0]
Dec 31 21:03:24 localhost kernel: Using GB pages for direct mapping
Dec 31 21:03:24 localhost kernel: RAMDISK: [mem 0x3ea2c000-0x3fffdfff]
Dec 31 21:03:24 localhost kernel: Early table checksum verification disabled
Dec 31 21:03:24 localhost kernel: ACPI: RSDP 00000000c569e000 00024 (v02 DELL  )
Dec 31 21:03:24 localhost kernel: ACPI: XSDT 00000000c569e0b0 000E4 (v01 DELL    CBX3    01072009 AMI  00010013)
Dec 31 21:03:24 localhost kernel: ACPI: FACP 00000000c56c16c0 0010C (v05 DELL    CBX3    01072009 AMI  00010013)
Dec 31 21:03:24 localhost kernel: ACPI: DSDT 00000000c569e228 23492 (v02 DELL    CBX3    01072009 INTL 20160422)
Dec 31 21:03:24 localhost kernel: ACPI: FACS 00000000c5feaf80 00040
Dec 31 21:03:24 localhost kernel: ACPI: APIC 00000000c56c17d0 00084 (v03 DELL    CBX3    01072009 AMI  00010013)
Dec 31 21:03:24 localhost kernel: ACPI: FPDT 00000000c56c1858 00044 (v01 DELL    CBX3    01072009 AMI  00010013)
Dec 31 21:03:24 localhost kernel: ACPI: FIDT 00000000c56c18a0 0009C (v01 DELL    CBX3    01072009 AMI  00010013)
Dec 31 21:03:24 localhost kernel: ACPI: MCFG 00000000c56c1940 0003C (v01 DELL    CBX3    01072009 MSFT 00000097)
Dec 31 21:03:24 localhost kernel: ACPI: HPET 00000000c56c1980 00038 (v01 DELL    CBX3    01072009 AMI. 0005000B)
Dec 31 21:03:24 localhost kernel: ACPI: SSDT 00000000c56c19b8 004E6 (v01 SataRe SataTabl 00001000 INTL 20160422)
Dec 31 21:03:24 localhost kernel: ACPI: BOOT 00000000c56c1ea0 00028 (v01 DELL   CBX3     01072009 AMI  00010013)
Dec 31 21:03:24 localhost kernel: ACPI: SSDT 00000000c56c1ec8 012EB (v02 SaSsdt  SaSsdt  00003000 INTL 20160422)
Dec 31 21:03:24 localhost kernel: ACPI: HPET 00000000c56c31b8 00038 (v01 INTEL   KBL-ULT 00000001 MSFT 0000005F)
Dec 31 21:03:24 localhost kernel: ACPI: SSDT 00000000c56c31f0 00A6D (v02  INTEL xh_OEMBD 00000000 INTL 20160422)
Dec 31 21:03:24 localhost kernel: ACPI: UEFI 00000000c56c3c60 00042 (v01                 00000000      00000000)
Dec 31 21:03:24 localhost kernel: ACPI: SSDT 00000000c56c3ca8 00EDE (v02 CpuRef  CpuSsdt 00003000 INTL 20160422)
Dec 31 21:03:24 localhost kernel: ACPI: LPIT 00000000c56c4b88 00094 (v01 INTEL   KBL-ULT 00000000 MSFT 0000005F)
Dec 31 21:03:24 localhost kernel: ACPI: WSMT 00000000c56c4c20 00028 (v01 INTEL   KBL-ULT 00000000 MSFT 0000005F)
Dec 31 21:03:24 localhost kernel: ACPI: SSDT 00000000c56c4c48 0029F (v02 INTEL  sensrhub 00000000 INTL 20160422)
Dec 31 21:03:24 localhost kernel: ACPI: SSDT 00000000c56c4ee8 00E3F (v02 INTEL  PtidDevc 00001000 INTL 20160422)
Dec 31 21:03:24 localhost kernel: ACPI: DBGP 00000000c56c5d28 00034 (v01 INTEL           00000002 MSFT 0000005F)
Dec 31 21:03:24 localhost kernel: ACPI: DBG2 00000000c56c5d60 00054 (v00 INTEL           00000002 MSFT 0000005F)
Dec 31 21:03:24 localhost kernel: ACPI: SSDT 00000000c56c5db8 04431 (v02 DptfTa DptfTabl 00001000 INTL 20160422)
Dec 31 21:03:24 localhost kernel: ACPI: DMAR 00000000c56ca1f0 000CC (v01 INTEL      KBL  00000001 INTL 00000001)
Dec 31 21:03:24 localhost kernel: ACPI: NHLT 00000000c56ca2c0 0002D (v00 INTEL  EDK2     00000002      01000013)
Dec 31 21:03:24 localhost kernel: ACPI: TPM2 00000000c56ca2f0 00034 (v03        Tpm2Tabl 00000001 AMI  00000000)
Dec 31 21:03:24 localhost kernel: ACPI: BGRT 00000000c56ca328 00038 (v00     óî          01072009 AMI  00010013)
Dec 31 21:03:24 localhost kernel: No NUMA configuration found
Dec 31 21:03:24 localhost kernel: Faking a node at [mem 0x0000000000000000-0x00000001327fffff]
Dec 31 21:03:24 localhost kernel: NODE_DATA(0) allocated [mem 0x1327d7000-0x1327fdfff]
Dec 31 21:03:24 localhost kernel: Reserving 161MB of memory at 720MB for crashkernel (System RAM: 3962MB)
Dec 31 21:03:24 localhost kernel: Zone ranges:
Dec 31 21:03:24 localhost kernel:  DMA      [mem 0x00001000-0x00ffffff]
Dec 31 21:03:24 localhost kernel:  DMA32    [mem 0x01000000-0xffffffff]
Dec 31 21:03:24 localhost kernel:  Normal   [mem 0x100000000-0x1327fffff]
Dec 31 21:03:24 localhost kernel: Movable zone start for each node
Dec 31 21:03:24 localhost kernel: Early memory node ranges
Dec 31 21:03:24 localhost kernel:  node   0: [mem 0x00001000-0x00057fff]
Dec 31 21:03:24 localhost kernel:  node   0: [mem 0x00059000-0x0009efff]
Dec 31 21:03:24 localhost kernel:  node   0: [mem 0x00100000-0xb62eefff]
Dec 31 21:03:24 localhost kernel:  node   0: [mem 0xb62f1000-0xc5306fff]
Dec 31 21:03:24 localhost kernel:  node   0: [mem 0xc65ff000-0xc65fffff]
Dec 31 21:03:24 localhost kernel:  node   0: [mem 0x100000000-0x1327fffff]
Dec 31 21:03:24 localhost kernel: Initmem setup node 0 [mem 0x00001000-0x1327fffff]
Dec 31 21:03:24 localhost kernel: Reserving Intel graphics memory at [mem 0xc8800000-0xcc7fffff]
Dec 31 21:03:24 localhost kernel: ACPI: PM-Timer IO Port: 0x1808
Dec 31 21:03:24 localhost kernel: ACPI: LAPIC (acpi_id[0x01] lapic_id[0x00] enabled)
Dec 31 21:03:24 localhost kernel: ACPI: LAPIC (acpi_id[0x02] lapic_id[0x02] enabled)
Dec 31 21:03:24 localhost kernel: ACPI: LAPIC (acpi_id[0x03] lapic_id[0x01] enabled)
Dec 31 21:03:24 localhost kernel: ACPI: LAPIC (acpi_id[0x04] lapic_id[0x03] enabled)
Dec 31 21:03:24 localhost kernel: ACPI: LAPIC_NMI (acpi_id[0x01] high edge lint[0x1])
Dec 31 21:03:24 localhost kernel: ACPI: LAPIC_NMI (acpi_id[0x02] high edge lint[0x1])
Dec 31 21:03:24 localhost kernel: ACPI: LAPIC_NMI (acpi_id[0x03] high edge lint[0x1])
Dec 31 21:03:24 localhost kernel: ACPI: LAPIC_NMI (acpi_id[0x04] high edge lint[0x1])
Dec 31 21:03:24 localhost kernel: ACPI: IOAPIC (id[0x02] address[0xfec00000] gsi_base[0])
Dec 31 21:03:24 localhost kernel: IOAPIC[0]: apic_id 2, version 32, address 0xfec00000, GSI 0-119
Dec 31 21:03:24 localhost kernel: ACPI: INT_SRC_OVR (bus 0 bus_irq 0 global_irq 2 dfl dfl)
Dec 31 21:03:24 localhost kernel: ACPI: INT_SRC_OVR (bus 0 bus_irq 9 global_irq 9 high level)
Dec 31 21:03:24 localhost kernel: Using ACPI (MADT) for SMP configuration information
Dec 31 21:03:24 localhost kernel: ACPI: HPET id: 0x8086a701 base: 0xfed00000
Dec 31 21:03:24 localhost kernel: smpboot: Allowing 4 CPUs, 0 hotplug CPUs
Dec 31 21:03:24 localhost kernel: PM: Registered nosave memory: [mem 0x00058000-0x00058fff]
Dec 31 21:03:24 localhost kernel: PM: Registered nosave memory: [mem 0x0009f000-0x0009ffff]
Dec 31 21:03:24 localhost kernel: PM: Registered nosave memory: [mem 0x000a0000-0x000fffff]
Dec 31 21:03:24 localhost kernel: PM: Registered nosave memory: [mem 0xb44fc000-0xb44fcfff]
Dec 31 21:03:24 localhost kernel: PM: Registered nosave memory: [mem 0xb450a000-0xb450afff]
Dec 31 21:03:24 localhost kernel: PM: Registered nosave memory: [mem 0xb450b000-0xb450bfff]
Dec 31 21:03:24 localhost kernel: PM: Registered nosave memory: [mem 0xb4528000-0xb4528fff]
Dec 31 21:03:24 localhost kernel: PM: Registered nosave memory: [mem 0xb4529000-0xb4529fff]
Dec 31 21:03:24 localhost kernel: PM: Registered nosave memory: [mem 0xb4539000-0xb4539fff]
Dec 31 21:03:24 localhost kernel: PM: Registered nosave memory: [mem 0xb62ef000-0xb62effff]
Dec 31 21:03:24 localhost kernel: PM: Registered nosave memory: [mem 0xb62f0000-0xb62f0fff]
Dec 31 21:03:24 localhost kernel: PM: Registered nosave memory: [mem 0xc5307000-0xc567dfff]
Dec 31 21:03:24 localhost kernel: PM: Registered nosave memory: [mem 0xc567e000-0xc56cafff]
Dec 31 21:03:24 localhost kernel: PM: Registered nosave memory: [mem 0xc56cb000-0xc5ff1fff]
Dec 31 21:03:24 localhost kernel: PM: Registered nosave memory: [mem 0xc5ff2000-0xc65fefff]
Dec 31 21:03:24 localhost kernel: PM: Registered nosave memory: [mem 0xc6600000-0xc87fffff]
Dec 31 21:03:24 localhost kernel: PM: Registered nosave memory: [mem 0xc8800000-0xcc7fffff]
Dec 31 21:03:24 localhost kernel: PM: Registered nosave memory: [mem 0xcc800000-0xf7ffffff]
Dec 31 21:03:24 localhost kernel: PM: Registered nosave memory: [mem 0xf8000000-0xfbffffff]
Dec 31 21:03:24 localhost kernel: PM: Registered nosave memory: [mem 0xfc000000-0xfdffffff]
Dec 31 21:03:24 localhost kernel: PM: Registered nosave memory: [mem 0xfe000000-0xfe010fff]
Dec 31 21:03:24 localhost kernel: PM: Registered nosave memory: [mem 0xfe011000-0xfebfffff]
Dec 31 21:03:24 localhost kernel: PM: Registered nosave memory: [mem 0xfec00000-0xfec00fff]
Dec 31 21:03:24 localhost kernel: PM: Registered nosave memory: [mem 0xfec01000-0xfedfffff]
Dec 31 21:03:24 localhost kernel: PM: Registered nosave memory: [mem 0xfee00000-0xfee00fff]
Dec 31 21:03:24 localhost kernel: PM: Registered nosave memory: [mem 0xfee01000-0xfeffffff]
Dec 31 21:03:24 localhost kernel: PM: Registered nosave memory: [mem 0xff000000-0xffffffff]
Dec 31 21:03:24 localhost kernel: e820: [mem 0xcc800000-0xf7ffffff] available for PCI devices
Dec 31 21:03:24 localhost kernel: Booting paravirtualized kernel on bare hardware
Dec 31 21:03:24 localhost kernel: setup_percpu: NR_CPUS:5120 nr_cpumask_bits:4 nr_cpu_ids:4 nr_node_ids:1
Dec 31 21:03:24 localhost kernel: percpu: Embedded 38 pages/cpu s118784 r8192 d28672 u524288
Dec 31 21:03:24 localhost kernel: Built 1 zonelists in Node order, mobility grouping on.  Total pages: 998529
Dec 31 21:03:24 localhost kernel: Policy zone: Normal
Dec 31 21:03:24 localhost kernel: Kernel command line: BOOT_IMAGE=/vmlinuz-3.10.0-1160.71.1.el7.x86_64 root=/dev/mapper/centos-root ro crashkernel=auto spectre_v2=retpoline rd.lvm.lv=centos/root rd.lvm.lv=centos/swap rhgb quiet LANG=en_US.UTF-8
Dec 31 21:03:24 localhost kernel: PID hash table entries: 4096 (order: 3, 32768 bytes)
Dec 31 21:03:24 localhost kernel: x86/fpu: xstate_offset[2]: 0240, xstate_sizes[2]: 0100
Dec 31 21:03:24 localhost kernel: x86/fpu: xstate_offset[3]: 03c0, xstate_sizes[3]: 0040
Dec 31 21:03:24 localhost kernel: x86/fpu: xstate_offset[4]: 0400, xstate_sizes[4]: 0040
Dec 31 21:03:24 localhost kernel: xsave: enabled xstate_bv 0x1f, cntxt size 0x440 using standard form
Dec 31 21:03:24 localhost kernel: Memory: 3447232k/5021696k available (7812k kernel code, 963956k absent, 610508k reserved, 5932k data, 1980k init)
Dec 31 21:03:24 localhost kernel: SLUB: HWalign=64, Order=0-3, MinObjects=0, CPUs=4, Nodes=1
Dec 31 21:03:24 localhost kernel: x86/pti: Unmapping kernel while in userspace
Dec 31 21:03:24 localhost kernel: Hierarchical RCU implementation.
Dec 31 21:03:24 localhost kernel: #011RCU restricting CPUs from NR_CPUS=5120 to nr_cpu_ids=4.
Dec 31 21:03:24 localhost kernel: NR_IRQS:327936 nr_irqs:1024 0
Dec 31 21:03:24 localhost kernel: Console: colour dummy device 80x25
Dec 31 21:03:24 localhost kernel: console [tty0] enabled
Dec 31 21:03:24 localhost kernel: allocated 33554432 bytes of page_cgroup
Dec 31 21:03:24 localhost kernel: please try 'cgroup_disable=memory' option if you don't want memory cgroups
Dec 31 21:03:24 localhost kernel: tsc: Detected 2700.000 MHz processor
Dec 31 21:03:24 localhost kernel: tsc: Detected 2712.000 MHz TSC
Dec 31 21:03:24 localhost kernel: Calibrating delay loop (skipped), value calculated using timer frequency.. 
Dec 31 21:03:24 localhost kernel: 5424.00 BogoMIPS (lpj=2712000)
Dec 31 21:03:24 localhost kernel: pid_max: default: 32768 minimum: 301
Dec 31 21:03:24 localhost kernel: Security Framework initialized
Dec 31 21:03:24 localhost kernel: SELinux:  Initializing.
Dec 31 21:03:24 localhost kernel: Yama: becoming mindful.
Dec 31 21:03:24 localhost kernel: Dentry cache hash table entries: 524288 (order: 10, 4194304 bytes)
Dec 31 21:03:24 localhost kernel: Inode-cache hash table entries: 262144 (order: 9, 2097152 bytes)
Dec 31 21:03:24 localhost kernel: Mount-cache hash table entries: 8192 (order: 4, 65536 bytes)
Dec 31 21:03:24 localhost kernel: Mountpoint-cache hash table entries: 8192 (order: 4, 65536 bytes)
Dec 31 21:03:24 localhost kernel: Initializing cgroup subsys memory
Dec 31 21:03:24 localhost kernel: Initializing cgroup subsys devices
Dec 31 21:03:24 localhost kernel: Initializing cgroup subsys freezer
Dec 31 21:03:24 localhost kernel: Initializing cgroup subsys net_cls
Dec 31 21:03:24 localhost kernel: Initializing cgroup subsys blkio
Dec 31 21:03:24 localhost kernel: Initializing cgroup subsys perf_event
Dec 31 21:03:24 localhost kernel: Initializing cgroup subsys hugetlb
Dec 31 21:03:24 localhost kernel: Initializing cgroup subsys pids
Dec 31 21:03:24 localhost kernel: Initializing cgroup subsys net_prio
Dec 31 21:03:24 localhost kernel: ENERGY_PERF_BIAS: Set to 'normal', was 'performance'
Dec 31 21:03:24 localhost kernel: ENERGY_PERF_BIAS: View and update with x86_energy_perf_policy(8)
Dec 31 21:03:24 localhost kernel: CPU0: Thermal monitoring enabled (TM1)
Dec 31 21:03:24 localhost kernel: Last level iTLB entries: 4KB 0, 2MB 0, 4MB 0
Dec 31 21:03:24 localhost kernel: Last level dTLB entries: 4KB 64, 2MB 0, 4MB 0
Dec 31 21:03:24 localhost kernel: tlb_flushall_shift: 6
Dec 31 21:03:24 localhost kernel: FEATURE SPEC_CTRL Present
Dec 31 21:03:24 localhost kernel: FEATURE IBPB_SUPPORT Present
Dec 31 21:03:24 localhost kernel: Spectre V1 : Mitigation: Load fences, usercopy/swapgs barriers and __user pointer sanitization
Dec 31 21:03:24 localhost kernel: Spectre V2 : retpoline selected on command line.
Dec 31 21:03:24 localhost kernel: Spectre V2 : Enabling Indirect Branch Prediction Barrier
Dec 31 21:03:24 localhost kernel: Spectre V2 : Mitigation: Full retpoline
Dec 31 21:03:24 localhost kernel: Speculative Store Bypass: Mitigation: Speculative Store Bypass disabled via prctl and seccomp
Dec 31 21:03:24 localhost kernel: SRBDS: Mitigation: Microcode
Dec 31 21:03:24 localhost kernel: MDS: Mitigation: Clear CPU buffers
Dec 31 21:03:24 localhost kernel: Freeing SMP alternatives: 28k freed
Dec 31 21:03:24 localhost kernel: ACPI: Core revision 20130517
Dec 31 21:03:24 localhost kernel: ACPI: All ACPI Tables successfully acquired
Dec 31 21:03:24 localhost kernel: ftrace: allocating 29697 entries in 117 pages
Dec 31 21:03:24 localhost kernel: DMAR: Host address width 39
Dec 31 21:03:24 localhost kernel: DMAR: DRHD base: 0x000000fed90000 flags: 0x0
Dec 31 21:03:24 localhost kernel: DMAR: dmar0: reg_base_addr fed90000 ver 1:0 cap 1c0000c40660462 ecap 19e2ff0505e
Dec 31 21:03:24 localhost kernel: DMAR: DRHD base: 0x000000fed91000 flags: 0x1
Dec 31 21:03:24 localhost kernel: DMAR: dmar1: reg_base_addr fed91000 ver 1:0 cap d2008c40660462 ecap f050da
Dec 31 21:03:24 localhost kernel: DMAR: RMRR base: 0x000000c53d0000 end: 0x000000c53effff
Dec 31 21:03:24 localhost kernel: DMAR: RMRR base: 0x000000c8000000 end: 0x000000cc7fffff
Dec 31 21:03:24 localhost kernel: DMAR: ANDD device: 1 name: \_SB.PCI0.I2C0
Dec 31 21:03:24 localhost kernel: DMAR-IR: IOAPIC id 2 under DRHD base  0xfed91000 IOMMU 1
Dec 31 21:03:24 localhost kernel: DMAR-IR: HPET id 0 under DRHD base 0xfed91000
Dec 31 21:03:24 localhost kernel: DMAR-IR: Queued invalidation will be enabled to support x2apic and Intr-remapping.
Dec 31 21:03:24 localhost kernel: DMAR-IR: Enabled IRQ remapping in x2apic mode
Dec 31 21:03:24 localhost kernel: Enabling x2apic
Dec 31 21:03:24 localhost kernel: Enabled x2apic
Dec 31 21:03:24 localhost kernel: Switched APIC routing to cluster x2apic.
Dec 31 21:03:24 localhost kernel: ..TIMER: vector=0x30 apic1=0 pin1=2 apic2=-1 pin2=-1
Dec 31 21:03:24 localhost kernel: smpboot: CPU0: Intel(R) Core(TM) i5-7200U CPU @ 2.50GHz (fam: 06, model: 8e, stepping: 09)
Dec 31 21:03:24 localhost kernel: Performance Events: PEBS fmt3+, Skylake events, 32-deep LBR, full-width counters, Intel PMU driver.
Dec 31 21:03:24 localhost kernel: ... version:                4
Dec 31 21:03:24 localhost kernel: ... bit width:              48
Dec 31 21:03:24 localhost kernel: ... generic registers:      4
Dec 31 21:03:24 localhost kernel: ... value mask:             0000ffffffffffff
Dec 31 21:03:24 localhost kernel: ... max period:             00007fffffffffff
Dec 31 21:03:24 localhost kernel: ... fixed-purpose events:   3
Dec 31 21:03:24 localhost kernel: ... event mask:             000000070000000f
Dec 31 21:03:24 localhost kernel: NMI watchdog: enabled on all CPUs, permanently consumes one hw-PMU counter.
Dec 31 21:03:24 localhost kernel: smpboot: Booting Node   0, Processors  #1 #2
Dec 31 21:03:24 localhost kernel: MDS CPU bug present and SMT on, data leak possible. See https://www.kernel.org/doc/html/latest/admin-guide/hw-vuln/mds.html for more details.
Dec 31 21:03:24 localhost kernel: #3 OK
Dec 31 21:03:24 localhost kernel: Brought up 4 CPUs
Dec 31 21:03:24 localhost kernel: smpboot: Max logical packages: 1
Dec 31 21:03:24 localhost kernel: smpboot: Total of 4 processors activated (21696.00 BogoMIPS)
Dec 31 21:03:24 localhost kernel: devtmpfs: initialized
Dec 31 21:03:24 localhost kernel: x86/mm: Memory block size: 128MB
Dec 31 21:03:24 localhost kernel: EVM: security.selinux
Dec 31 21:03:24 localhost kernel: EVM: security.ima
Dec 31 21:03:24 localhost kernel: EVM: security.capability
Dec 31 21:03:24 localhost kernel: PM: Registering ACPI NVS region [mem 0xb62ef000-0xb62effff] (4096 bytes)
Dec 31 21:03:24 localhost kernel: PM: Registering ACPI NVS region [mem 0xc56cb000-0xc5ff1fff] (9596928 bytes)
Dec 31 21:03:24 localhost kernel: atomic64 test passed for x86-64 platform with CX8 and with SSE
Dec 31 21:03:24 localhost kernel: pinctrl core: initialized pinctrl subsystem
Dec 31 21:03:24 localhost kernel: RTC time:  2:03:24, date: 01/01/09
Dec 31 21:03:24 localhost kernel: NET: Registered protocol family 16
Dec 31 21:03:24 localhost kernel: ACPI FADT declares the system doesn't support PCIe ASPM, so disable it
Dec 31 21:03:24 localhost kernel: ACPI: bus type PCI registered
Dec 31 21:03:24 localhost kernel: acpiphp: ACPI Hot Plug PCI Controller Driver version: 0.5
Dec 31 21:03:24 localhost kernel: PCI: MMCONFIG for domain 0000 [bus 00-3f] at [mem 0xf8000000-0xfbffffff] (base 0xf8000000)
Dec 31 21:03:24 localhost kernel: PCI: MMCONFIG at [mem 0xf8000000-0xfbffffff] reserved in E820
Dec 31 21:03:24 localhost kernel: PCI: Using configuration type 1 for base access
Dec 31 21:03:24 localhost kernel: dmi type 0xB1 record - unknown flag
Dec 31 21:03:24 localhost kernel: ACPI: Added _OSI(Module Device)
Dec 31 21:03:24 localhost kernel: ACPI: Added _OSI(Processor Device)
Dec 31 21:03:24 localhost kernel: ACPI: Added _OSI(3.0 _SCP Extensions)
Dec 31 21:03:24 localhost kernel: ACPI: Added _OSI(Processor Aggregator Device)
Dec 31 21:03:24 localhost kernel: ACPI: Added _OSI(Linux-Dell-Video)
Dec 31 21:03:24 localhost kernel: ACPI: Executed 30 blocks of module-level executable AML code
Dec 31 21:03:24 localhost kernel: ACPI: [Firmware Bug]: BIOS _OSI(Linux) query ignored
Dec 31 21:03:24 localhost kernel: ACPI: Dynamic OEM Table Load:
Dec 31 21:03:24 localhost kernel: ACPI: SSDT ffff94366ab53800 006B4 (v02  PmRef  Cpu0Ist 00003000 INTL 20160422)
Dec 31 21:03:24 localhost kernel: ACPI: Executed 1 blocks of module-level executable AML code
Dec 31 21:03:24 localhost kernel: ACPI: \_PR_.CPU0: _OSC native thermal LVT Acked
Dec 31 21:03:24 localhost kernel: ACPI: Dynamic OEM Table Load:
Dec 31 21:03:24 localhost kernel: ACPI: SSDT ffff94366ab4f000 003FF (v02  PmRef  Cpu0Cst 00003001 INTL 20160422)
Dec 31 21:03:24 localhost kernel: ACPI: Executed 1 blocks of module-level executable AML code
Dec 31 21:03:24 localhost kernel: ACPI: Dynamic OEM Table Load:
Dec 31 21:03:24 localhost kernel: ACPI: SSDT ffff94366ab54800 0065C (v02  PmRef    ApIst 00003000 INTL 20160422)
Dec 31 21:03:24 localhost kernel: ACPI: Executed 1 blocks of module-level executable AML code
Dec 31 21:03:24 localhost kernel: ACPI: Dynamic OEM Table Load:
Dec 31 21:03:24 localhost kernel: ACPI: SSDT ffff94366ab89600 0018A (v02  PmRef    ApCst 00003000 INTL 20160422)
Dec 31 21:03:24 localhost kernel: ACPI: Executed 1 blocks of module-level executable AML code
Dec 31 21:03:24 localhost kernel: ACPI: Interpreter enabled
Dec 31 21:03:24 localhost kernel: ACPI: (supports S0 S3 S4 S5)
Dec 31 21:03:24 localhost kernel: ACPI: Using IOAPIC for interrupt routing
Dec 31 21:03:24 localhost kernel: PCI: Using host bridge windows from ACPI; if necessary, use "pci=nocrs" and report a bug
Dec 31 21:03:24 localhost kernel: ACPI: Enabled 8 GPEs in block 00 to 7F
Dec 31 21:03:24 localhost kernel: ACPI: Power Resource [WRST] (on)
Dec 31 21:03:24 localhost kernel: ACPI: Power Resource [WRST] (on)
Dec 31 21:03:24 localhost kernel: ACPI: Power Resource [WRST] (on)
Dec 31 21:03:24 localhost kernel: ACPI: Power Resource [WRST] (on)
Dec 31 21:03:24 localhost kernel: ACPI: Power Resource [WRST] (on)
Dec 31 21:03:24 localhost kernel: ACPI: Power Resource [WRST] (on)
Dec 31 21:03:24 localhost kernel: ACPI: Power Resource [WRST] (on)
Dec 31 21:03:24 localhost kernel: ACPI: Power Resource [WRST] (on)
Dec 31 21:03:24 localhost kernel: ACPI: Power Resource [WRST] (on)
Dec 31 21:03:24 localhost kernel: ACPI: Power Resource [WRST] (on)
Dec 31 21:03:24 localhost kernel: ACPI: Power Resource [WRST] (on)
Dec 31 21:03:24 localhost kernel: ACPI: Power Resource [WRST] (on)
Dec 31 21:03:24 localhost kernel: ACPI: Power Resource [WRST] (on)
Dec 31 21:03:24 localhost kernel: ACPI: Power Resource [WRST] (on)
Dec 31 21:03:24 localhost kernel: ACPI: Power Resource [WRST] (on)
Dec 31 21:03:24 localhost kernel: ACPI: Power Resource [WRST] (on)
Dec 31 21:03:24 localhost kernel: ACPI: Power Resource [WRST] (on)
Dec 31 21:03:24 localhost kernel: ACPI: Power Resource [WRST] (on)
Dec 31 21:03:24 localhost kernel: ACPI: Power Resource [WRST] (on)
Dec 31 21:03:24 localhost kernel: ACPI: Power Resource [WRST] (on)
Dec 31 21:03:24 localhost kernel: ACPI: PCI Root Bridge [PCI0] (domain 0000 [bus 00-3e])
Dec 31 21:03:24 localhost kernel: acpi PNP0A08:00: _OSC: OS supports [ExtendedConfig ASPM ClockPM Segments MSI]
Dec 31 21:03:24 localhost kernel: acpi PNP0A08:00: _OSC: OS now controls [PCIeHotplug SHPCHotplug PME AER PCIeCapability]
Dec 31 21:03:24 localhost kernel: acpi PNP0A08:00: FADT indicates ASPM is unsupported, using BIOS configuration
Dec 31 21:03:24 localhost kernel: PCI host bridge to bus 0000:00
Dec 31 21:03:24 localhost kernel: pci_bus 0000:00: root bus resource [io  0x0000-0x0cf7 window]
Dec 31 21:03:24 localhost kernel: pci_bus 0000:00: root bus resource [io  0x0d00-0xffff window]
Dec 31 21:03:24 localhost kernel: pci_bus 0000:00: root bus resource [mem 0x000a0000-0x000bffff window]
Dec 31 21:03:24 localhost kernel: pci_bus 0000:00: root bus resource [mem 0xcc800000-0xf7ffffff window]
Dec 31 21:03:24 localhost kernel: pci_bus 0000:00: root bus resource [mem 0xfd000000-0xfe7fffff window]
Dec 31 21:03:24 localhost kernel: pci_bus 0000:00: root bus resource [bus 00-3e]
Dec 31 21:03:24 localhost kernel: pci 0000:00:14.0: System wakeup disabled by ACPI
Dec 31 21:03:24 localhost kernel: pci 0000:00:1c.0: System wakeup disabled by ACPI
Dec 31 21:03:24 localhost kernel: pci 0000:00:1c.4: System wakeup disabled by ACPI
Dec 31 21:03:24 localhost kernel: pci 0000:00:1c.5: System wakeup disabled by ACPI
Dec 31 21:03:24 localhost kernel: pci 0000:00:1f.3: System wakeup disabled by ACPI
Dec 31 21:03:24 localhost kernel: pci 0000:00:1c.0: PCI bridge to [bus 01]
Dec 31 21:03:24 localhost kernel: pci 0000:02:00.0: System wakeup disabled by ACPI
Dec 31 21:03:24 localhost kernel: pci 0000:00:1c.4: PCI bridge to [bus 02]
Dec 31 21:03:24 localhost kernel: pci 0000:03:00.0: 2.000 Gb/s available PCIe bandwidth, limited by 2.5 GT/s x1 link at 0000:00:1c.5 (capable of 7.876 Gb/s with 8 GT/s x1 link)
Dec 31 21:03:24 localhost kernel: pci 0000:03:00.0: System wakeup disabled by ACPI
Dec 31 21:03:24 localhost kernel: pci 0000:00:1c.5: PCI bridge to [bus 03]
Dec 31 21:03:24 localhost kernel: ACPI: PCI Interrupt Link [LNKA] (IRQs 3 4 5 6 10 *11 12 14 15)
Dec 31 21:03:24 localhost kernel: ACPI: PCI Interrupt Link [LNKB] (IRQs 3 4 5 6 *10 11 12 14 15)
Dec 31 21:03:24 localhost kernel: ACPI: PCI Interrupt Link [LNKC] (IRQs 3 4 5 6 10 *11 12 14 15)
Dec 31 21:03:24 localhost kernel: ACPI: PCI Interrupt Link [LNKD] (IRQs 3 4 5 6 10 *11 12 14 15)
Dec 31 21:03:24 localhost kernel: ACPI: PCI Interrupt Link [LNKE] (IRQs 3 4 5 6 10 *11 12 14 15)
Dec 31 21:03:24 localhost kernel: ACPI: PCI Interrupt Link [LNKF] (IRQs 3 4 5 6 10 *11 12 14 15)
Dec 31 21:03:24 localhost kernel: ACPI: PCI Interrupt Link [LNKG] (IRQs 3 4 5 6 10 *11 12 14 15)
Dec 31 21:03:24 localhost kernel: ACPI: PCI Interrupt Link [LNKH] (IRQs 3 4 5 6 10 *11 12 14 15)
Dec 31 21:03:24 localhost kernel: ACPI: EC: GPE = 0x46, I/O: command/status = 0x934, data = 0x930
Dec 31 21:03:24 localhost kernel: vgaarb: device added: PCI:0000:00:02.0,decodes=io+mem,owns=io+mem,locks=none
Dec 31 21:03:24 localhost kernel: vgaarb: loaded
Dec 31 21:03:24 localhost kernel: vgaarb: bridge control possible 0000:00:02.0
Dec 31 21:03:24 localhost kernel: SCSI subsystem initialized
Dec 31 21:03:24 localhost kernel: ACPI: bus type USB registered
Dec 31 21:03:24 localhost kernel: usbcore: registered new interface driver usbfs
Dec 31 21:03:24 localhost kernel: usbcore: registered new interface driver hub
Dec 31 21:03:24 localhost kernel: usbcore: registered new device driver usb
Dec 31 21:03:24 localhost kernel: EDAC MC: Ver: 3.0.0
Dec 31 21:03:24 localhost kernel: Registered efivars operations
Dec 31 21:03:24 localhost kernel: PCI: Using ACPI for IRQ routing
Dec 31 21:03:24 localhost kernel: NetLabel: Initializing
Dec 31 21:03:24 localhost kernel: NetLabel:  domain hash size = 128
Dec 31 21:03:24 localhost kernel: NetLabel:  protocols = UNLABELED CIPSOv4
Dec 31 21:03:24 localhost kernel: NetLabel:  unlabeled traffic allowed by default
Dec 31 21:03:24 localhost kernel: hpet0: at MMIO 0xfed00000, IRQs 2, 8, 0, 0, 0, 0, 0, 0
Dec 31 21:03:24 localhost kernel: hpet0: 8 comparators, 64-bit 24.000000 MHz counter
Dec 31 21:03:24 localhost kernel: amd_nb: Cannot enumerate AMD northbridges
Dec 31 21:03:24 localhost kernel: Switched to clocksource hpet
Dec 31 21:03:24 localhost kernel: pnp: PnP ACPI init
Dec 31 21:03:24 localhost kernel: ACPI: bus type PNP registered
Dec 31 21:03:24 localhost kernel: system 00:00: [io  0x0680-0x069f] has been reserved
Dec 31 21:03:24 localhost kernel: system 00:00: [io  0xffff] has been reserved
Dec 31 21:03:24 localhost kernel: system 00:00: [io  0xffff] has been reserved
Dec 31 21:03:24 localhost kernel: system 00:00: [io  0xffff] has been reserved
Dec 31 21:03:24 localhost kernel: system 00:00: [io  0x1800-0x18fe] could not be reserved
Dec 31 21:03:24 localhost kernel: system 00:00: [io  0x164e-0x164f] has been reserved
Dec 31 21:03:24 localhost kernel: system 00:02: [io  0x1854-0x1857] has been reserved
Dec 31 21:03:24 localhost kernel: system 00:05: [mem 0xfed10000-0xfed17fff] has been reserved
Dec 31 21:03:24 localhost kernel: system 00:05: [mem 0xfed18000-0xfed18fff] has been reserved
Dec 31 21:03:24 localhost kernel: system 00:05: [mem 0xfed19000-0xfed19fff] has been reserved
Dec 31 21:03:24 localhost kernel: system 00:05: [mem 0xf8000000-0xfbffffff] has been reserved
Dec 31 21:03:24 localhost kernel: system 00:05: [mem 0xfed20000-0xfed3ffff] has been reserved
Dec 31 21:03:24 localhost kernel: system 00:05: [mem 0xfed90000-0xfed93fff] could not be reserved
Dec 31 21:03:24 localhost kernel: system 00:05: [mem 0xfed45000-0xfed8ffff] has been reserved
Dec 31 21:03:24 localhost kernel: system 00:05: [mem 0xff000000-0xffffffff] has been reserved
Dec 31 21:03:24 localhost kernel: system 00:05: [mem 0xfee00000-0xfeefffff] could not be reserved
Dec 31 21:03:24 localhost kernel: system 00:05: [mem 0xf7fe0000-0xf7ffffff] has been reserved
Dec 31 21:03:24 localhost kernel: system 00:06: [mem 0xfd000000-0xfdabffff] has been reserved
Dec 31 21:03:24 localhost kernel: system 00:06: [mem 0xfdad0000-0xfdadffff] has been reserved
Dec 31 21:03:24 localhost kernel: system 00:06: [mem 0xfdb00000-0xfdffffff] has been reserved
Dec 31 21:03:24 localhost kernel: system 00:06: [mem 0xfe000000-0xfe01ffff] could not be reserved
Dec 31 21:03:24 localhost kernel: system 00:06: [mem 0xfe036000-0xfe03bfff] has been reserved
Dec 31 21:03:24 localhost kernel: system 00:06: [mem 0xfe03d000-0xfe3fffff] has been reserved
Dec 31 21:03:24 localhost kernel: system 00:06: [mem 0xfe410000-0xfe7fffff] has been reserved
Dec 31 21:03:24 localhost kernel: system 00:07: [io  0xff00-0xfffe] has been reserved
Dec 31 21:03:24 localhost kernel: pnp: PnP ACPI: found 9 devices
Dec 31 21:03:24 localhost kernel: ACPI: bus type PNP unregistered
Dec 31 21:03:24 localhost kernel: pci 0000:00:1c.0: BAR 14: assigned [mem 0xcc800000-0xcc9fffff]
Dec 31 21:03:24 localhost kernel: pci 0000:00:1c.0: BAR 15: assigned [mem 0xcca00000-0xccbfffff 64bit pref]
Dec 31 21:03:24 localhost kernel: pci 0000:00:1c.0: BAR 13: assigned [io  0x2000-0x2fff]
Dec 31 21:03:24 localhost kernel: pci 0000:00:1c.0: PCI bridge to [bus 01]
Dec 31 21:03:24 localhost kernel: pci 0000:00:1c.0:   bridge window [io  0x2000-0x2fff]
Dec 31 21:03:24 localhost kernel: pci 0000:00:1c.0:   bridge window [mem 0xcc800000-0xcc9fffff]
Dec 31 21:03:24 localhost kernel: pci 0000:00:1c.0:   bridge window [mem 0xcca00000-0xccbfffff 64bit pref]
Dec 31 21:03:24 localhost kernel: pci 0000:00:1c.4: PCI bridge to [bus 02]
Dec 31 21:03:24 localhost kernel: pci 0000:00:1c.4:   bridge window [io  0xe000-0xefff]
Dec 31 21:03:24 localhost kernel: pci 0000:00:1c.4:   bridge window [mem 0xf1100000-0xf11fffff]
Dec 31 21:03:24 localhost kernel: pci 0000:00:1c.5: PCI bridge to [bus 03]
Dec 31 21:03:24 localhost kernel: pci 0000:00:1c.5:   bridge window [mem 0xf1000000-0xf10fffff]
Dec 31 21:03:24 localhost kernel: NET: Registered protocol family 2
Dec 31 21:03:24 localhost kernel: TCP established hash table entries: 32768 (order: 6, 262144 bytes)
Dec 31 21:03:24 localhost kernel: TCP bind hash table entries: 32768 (order: 7, 524288 bytes)
Dec 31 21:03:24 localhost kernel: TCP: Hash tables configured (established 32768 bind 32768)
Dec 31 21:03:24 localhost kernel: TCP: reno registered
Dec 31 21:03:24 localhost kernel: UDP hash table entries: 2048 (order: 4, 65536 bytes)
Dec 31 21:03:24 localhost kernel: UDP-Lite hash table entries: 2048 (order: 4, 65536 bytes)
Dec 31 21:03:24 localhost kernel: NET: Registered protocol family 1
Dec 31 21:03:24 localhost kernel: Unpacking initramfs...
Dec 31 21:03:24 localhost kernel: Freeing initrd memory: 22344k freed
Dec 31 21:03:24 localhost kernel: DMAR: ACPI device "device:6a" under DMAR at fed91000 as 00:15.0
Dec 31 21:03:24 localhost kernel: PCI-DMA: Using software bounce buffering for IO (SWIOTLB)
Dec 31 21:03:24 localhost kernel: software IO TLB [mem 0xb04fc000-0xb44fc000] (64MB) mapped at [ffff9435f04fc000-ffff9435f44fbfff]
Dec 31 21:03:24 localhost kernel: RAPL PMU: API unit is 2^-32 Joules, 5 fixed counters, 655360 ms ovfl timer
Dec 31 21:03:24 localhost kernel: RAPL PMU: hw unit of domain pp0-core 2^-14 Joules
Dec 31 21:03:24 localhost kernel: RAPL PMU: hw unit of domain package 2^-14 Joules
Dec 31 21:03:24 localhost kernel: RAPL PMU: hw unit of domain dram 2^-14 Joules
Dec 31 21:03:24 localhost kernel: RAPL PMU: hw unit of domain pp1-gpu 2^-14 Joules
Dec 31 21:03:24 localhost kernel: RAPL PMU: hw unit of domain psys 2^-14 Joules
Dec 31 21:03:24 localhost kernel: Simple Boot Flag at 0x47 set to 0x80
Dec 31 21:03:24 localhost kernel: sha1_ssse3: Using AVX2 optimized SHA-1 implementation
Dec 31 21:03:24 localhost kernel: sha256_ssse3: Using AVX2 optimized SHA-256 implementation
Dec 31 21:03:24 localhost kernel: futex hash table entries: 1024 (order: 4, 65536 bytes)
Dec 31 21:03:24 localhost kernel: Initialise system trusted keyring
Dec 31 21:03:24 localhost kernel: audit: initializing netlink socket (disabled)
Dec 31 21:03:24 localhost kernel: type=2000 audit(1230775404.485:1): initialized
Dec 31 21:03:24 localhost kernel: HugeTLB registered 1 GB page size, pre-allocated 0 pages
Dec 31 21:03:24 localhost kernel: HugeTLB registered 2 MB page size, pre-allocated 0 pages
Dec 31 21:03:24 localhost kernel: zpool: loaded
Dec 31 21:03:24 localhost kernel: zbud: loaded
Dec 31 21:03:24 localhost kernel: VFS: Disk quotas dquot_6.5.2
Dec 31 21:03:24 localhost kernel: Dquot-cache hash table entries: 512 (order 0, 4096 bytes)
Dec 31 21:03:24 localhost kernel: Key type big_key registered
Dec 31 21:03:24 localhost kernel: NET: Registered protocol family 38
Dec 31 21:03:24 localhost kernel: Key type asymmetric registered
Dec 31 21:03:24 localhost kernel: Asymmetric key parser 'x509' registered
Dec 31 21:03:24 localhost kernel: Block layer SCSI generic (bsg) driver version 0.4 loaded (major 248)
Dec 31 21:03:24 localhost kernel: io scheduler noop registered
Dec 31 21:03:24 localhost kernel: io scheduler deadline registered (default)
Dec 31 21:03:24 localhost kernel: io scheduler cfq registered
Dec 31 21:03:24 localhost kernel: io scheduler mq-deadline registered
Dec 31 21:03:24 localhost kernel: io scheduler kyber registered
Dec 31 21:03:24 localhost kernel: pcieport 0000:00:1c.0: Signaling PME through PCIe PME interrupt
Dec 31 21:03:24 localhost kernel: pcieport 0000:00:1c.4: Signaling PME through PCIe PME interrupt
Dec 31 21:03:24 localhost kernel: pci 0000:02:00.0: Signaling PME through PCIe PME interrupt
Dec 31 21:03:24 localhost kernel: pcieport 0000:00:1c.5: Signaling PME through PCIe PME interrupt
Dec 31 21:03:24 localhost kernel: pci 0000:03:00.0: Signaling PME through PCIe PME interrupt
Dec 31 21:03:24 localhost kernel: pci_hotplug: PCI Hot Plug PCI Core version: 0.5
Dec 31 21:03:24 localhost kernel: pciehp 0000:00:1c.0:pcie004: Slot #0 AttnBtn- PwrCtrl- MRL- AttnInd- PwrInd- HotPlug+ Surprise+ Interlock- NoCompl+ LLActRep+
Dec 31 21:03:24 localhost kernel: pciehp: PCI Express Hot Plug Controller Driver version: 0.4
Dec 31 21:03:24 localhost kernel: shpchp: Standard Hot Plug PCI Controller Driver version: 0.4
Dec 31 21:03:24 localhost kernel: efifb: probing for efifb
Dec 31 21:03:24 localhost kernel: efifb: framebuffer at 0xe0000000, mapped to 0xffffbb3701000000, using 8100k, total 8100k
Dec 31 21:03:24 localhost kernel: efifb: mode is 1920x1080x32, linelength=7680, pages=1
Dec 31 21:03:24 localhost kernel: efifb: scrolling: redraw
Dec 31 21:03:24 localhost kernel: efifb: Truecolor: size=8:8:8:8, shift=24:16:8:0
Dec 31 21:03:24 localhost kernel: Console: switching to colour frame buffer device 240x67
Dec 31 21:03:24 localhost kernel: fb0: EFI VGA frame buffer device
Dec 31 21:03:24 localhost kernel: ACPI: AC Adapter [AC] (on-line)
Dec 31 21:03:24 localhost kernel: input: Lid Switch as /devices/LNXSYSTM:00/device:00/PNP0C0D:00/input/input0
Dec 31 21:03:24 localhost kernel: ACPI: Lid Switch [LID0]
Dec 31 21:03:24 localhost kernel: input: Power Button as /devices/LNXSYSTM:00/device:00/PNP0C0C:00/input/input1
Dec 31 21:03:24 localhost kernel: ACPI: Power Button [PBTN]
Dec 31 21:03:24 localhost kernel: input: Sleep Button as /devices/LNXSYSTM:00/device:00/PNP0C0E:00/input/input2
Dec 31 21:03:24 localhost kernel: ACPI: Sleep Button [SBTN]
Dec 31 21:03:24 localhost kernel: input: Power Button as /devices/LNXSYSTM:00/LNXPWRBN:00/input/input3
Dec 31 21:03:24 localhost kernel: ACPI: Power Button [PWRF]
Dec 31 21:03:24 localhost kernel: ACPI: Requesting acpi_cpufreq
Dec 31 21:03:24 localhost kernel: thermal LNXTHERM:00: registered as thermal_zone0
Dec 31 21:03:24 localhost kernel: ACPI: Thermal Zone [THM] (25 C)
Dec 31 21:03:24 localhost kernel: GHES: HEST is not enabled!
Dec 31 21:03:24 localhost kernel: Serial: 8250/16550 driver, 4 ports, IRQ sharing enabled
Dec 31 21:03:24 localhost kernel: Non-volatile memory driver v1.3
Dec 31 21:03:24 localhost kernel: Linux agpgart interface v0.103
Dec 31 21:03:24 localhost kernel: ACPI: Battery Slot [BAT0] (battery present)
Dec 31 21:03:24 localhost kernel: tpm_tis MSFT0101:00: 2.0 TPM (device-id 0xFE, rev-id 4)
Dec 31 21:03:24 localhost kernel: crash memory driver: version 1.1
Dec 31 21:03:24 localhost kernel: intel-lpss 0000:00:15.0: enabling device (0000 -> 0002)
Dec 31 21:03:24 localhost kernel: rdac: device handler registered
Dec 31 21:03:24 localhost kernel: hp_sw: device handler registered
Dec 31 21:03:24 localhost kernel: emc: device handler registered
Dec 31 21:03:24 localhost kernel: alua: device handler registered
Dec 31 21:03:24 localhost kernel: libphy: Fixed MDIO Bus: probed
Dec 31 21:03:24 localhost kernel: ehci_hcd: USB 2.0 'Enhanced' Host Controller (EHCI) Driver
Dec 31 21:03:24 localhost kernel: ehci-pci: EHCI PCI platform driver
Dec 31 21:03:24 localhost kernel: ohci_hcd: USB 1.1 'Open' Host Controller (OHCI) Driver
Dec 31 21:03:24 localhost kernel: ohci-pci: OHCI PCI platform driver
Dec 31 21:03:24 localhost kernel: uhci_hcd: USB Universal Host Controller Interface driver
Dec 31 21:03:24 localhost kernel: xhci_hcd 0000:00:14.0: xHCI Host Controller
Dec 31 21:03:24 localhost kernel: xhci_hcd 0000:00:14.0: new USB bus registered, assigned bus number 1
Dec 31 21:03:24 localhost kernel: xhci_hcd 0000:00:14.0: hcc params 0x200077c1 hci version 0x100 quirks 0x0000000001109810
Dec 31 21:03:24 localhost kernel: usb usb1: New USB device found, idVendor=1d6b, idProduct=0002, bcdDevice= 3.10
Dec 31 21:03:24 localhost kernel: usb usb1: New USB device strings: Mfr=3, Product=2, SerialNumber=1
Dec 31 21:03:24 localhost kernel: usb usb1: Product: xHCI Host Controller
Dec 31 21:03:24 localhost kernel: usb usb1: Manufacturer: Linux 3.10.0-1160.71.1.el7.x86_64 xhci-hcd
Dec 31 21:03:24 localhost kernel: usb usb1: SerialNumber: 0000:00:14.0
Dec 31 21:03:24 localhost kernel: hub 1-0:1.0: USB hub found
Dec 31 21:03:24 localhost kernel: hub 1-0:1.0: 12 ports detected
Dec 31 21:03:24 localhost kernel: xhci_hcd 0000:00:14.0: xHCI Host Controller
Dec 31 21:03:24 localhost kernel: xhci_hcd 0000:00:14.0: new USB bus registered, assigned bus number 2
Dec 31 21:03:24 localhost kernel: xhci_hcd 0000:00:14.0: Host supports USB 3.0  SuperSpeed
Dec 31 21:03:24 localhost kernel: usb usb2: New USB device found, idVendor=1d6b, idProduct=0003, bcdDevice= 3.10
Dec 31 21:03:24 localhost kernel: usb usb2: New USB device strings: Mfr=3, Product=2, SerialNumber=1
Dec 31 21:03:24 localhost kernel: usb usb2: Product: xHCI Host Controller
Dec 31 21:03:24 localhost kernel: usb usb2: Manufacturer: Linux 3.10.0-1160.71.1.el7.x86_64 xhci-hcd
Dec 31 21:03:24 localhost kernel: usb usb2: SerialNumber: 0000:00:14.0
Dec 31 21:03:24 localhost kernel: hub 2-0:1.0: USB hub found
Dec 31 21:03:24 localhost kernel: hub 2-0:1.0: 6 ports detected
Dec 31 21:03:24 localhost kernel: usbcore: registered new interface driver usbserial_generic
Dec 31 21:03:24 localhost kernel: usbserial: USB Serial support registered for generic
Dec 31 21:03:24 localhost kernel: i8042: PNP: PS/2 Controller [PNP0303:PS2K,PNP0f13:PS2M] at 0x60,0x64 irq 1,12
Dec 31 21:03:24 localhost kernel: i8042: Warning: Keylock active
Dec 31 21:03:24 localhost kernel: serio: i8042 KBD port at 0x60,0x64 irq 1
Dec 31 21:03:24 localhost kernel: serio: i8042 AUX port at 0x60,0x64 irq 12
Dec 31 21:03:24 localhost kernel: mousedev: PS/2 mouse device common for all mice
Dec 31 21:03:24 localhost kernel: rtc_cmos 00:01: RTC can wake from S4
Dec 31 21:03:24 localhost kernel: rtc_cmos 00:01: rtc core: registered rtc_cmos as rtc0
Dec 31 21:03:24 localhost kernel: rtc_cmos 00:01: alarms up to one month, y3k, 242 bytes nvram, hpet irqs
Dec 31 21:03:24 localhost kernel: intel_pstate: Intel P-state driver initializing
Dec 31 21:03:24 localhost kernel: input: AT Translated Set 2 keyboard as /devices/platform/i8042/serio0/input/input4
Dec 31 21:03:24 localhost kernel: intel_pstate: HWP enabled
Dec 31 21:03:24 localhost kernel: cpuidle: using governor menu
Dec 31 21:03:24 localhost kernel: EFI Variables Facility v0.08 2004-May-17
Dec 31 21:03:24 localhost kernel: hidraw: raw HID events driver (C) Jiri Kosina
Dec 31 21:03:24 localhost kernel: usbcore: registered new interface driver usbhid
Dec 31 21:03:24 localhost kernel: usbhid: USB HID core driver
Dec 31 21:03:24 localhost kernel: drop_monitor: Initializing network drop monitor service
Dec 31 21:03:24 localhost kernel: Netfilter messages via NETLINK v0.30.
Dec 31 21:03:24 localhost kernel: TCP: cubic registered
Dec 31 21:03:24 localhost kernel: Initializing XFRM netlink socket
Dec 31 21:03:24 localhost kernel: NET: Registered protocol family 10
Dec 31 21:03:24 localhost kernel: NET: Registered protocol family 17
Dec 31 21:03:24 localhost kernel: mpls_gso: MPLS GSO support
Dec 31 21:03:24 localhost kernel: mce: Using 8 MCE banks
Dec 31 21:03:24 localhost kernel: microcode: sig=0x806e9, pf=0x80, revision=0xec
Dec 31 21:03:24 localhost kernel: microcode: Microcode Update Driver: v2.01 <tigran@aivazian.fsnet.co.uk>, Peter Oruba
Dec 31 21:03:24 localhost kernel: Loading compiled-in X.509 certificates
Dec 31 21:03:24 localhost kernel: Loaded X.509 cert 'CentOS Linux kpatch signing key: ea0413152cde1d98ebdca3fe6f0230904c9ef717'
Dec 31 21:03:24 localhost kernel: Loaded X.509 cert 'CentOS Linux Driver update signing key: 7f421ee0ab69461574bb358861dbe77762a4201b'
Dec 31 21:03:24 localhost kernel: Loaded X.509 cert 'CentOS Linux kernel signing key: 6da7c241b1c999253fb3b03689c0d1e3be2782e4'
Dec 31 21:03:24 localhost kernel: registered taskstats version 1
Dec 31 21:03:24 localhost kernel: page_owner is disabled
Dec 31 21:03:24 localhost kernel: Key type trusted registered
Dec 31 21:03:24 localhost kernel: Key type encrypted registered
Dec 31 21:03:24 localhost kernel: BERT: Boot Error Record Table support is disabled. Enable it by using bert_enable as kernel parameter.
Dec 31 21:03:24 localhost kernel:  Magic number: 9:762:54
Dec 31 21:03:24 localhost kernel: rtc_cmos 00:01: setting system clock to 2009-01-01 02:03:24 UTC (1230775404)
Dec 31 21:03:24 localhost kernel: Freeing unused kernel memory: 1980k freed
Dec 31 21:03:24 localhost kernel: Write protecting the kernel read-only data: 12288k
Dec 31 21:03:24 localhost kernel: Freeing unused kernel memory: 368k freed
Dec 31 21:03:24 localhost kernel: Freeing unused kernel memory: 528k freed
Dec 31 21:03:24 localhost kernel: random: systemd: uninitialized urandom read (16 bytes read)
Dec 31 21:03:24 localhost kernel: random: systemd: uninitialized urandom read (16 bytes read)
Dec 31 21:03:24 localhost kernel: random: systemd: uninitialized urandom read (16 bytes read)
Dec 31 21:03:24 localhost systemd[1]: systemd 219 running in system mode. (+PAM +AUDIT +SELINUX +IMA -APPARMOR +SMACK +SYSVINIT +UTMP +LIBCRYPTSETUP +GCRYPT +GNUTLS +ACL +XZ +LZ4 -SECCOMP +BLKID +ELFUTILS +KMOD +IDN)
Dec 31 21:03:24 localhost systemd[1]: Detected architecture x86-64.
Dec 31 21:03:24 localhost systemd[1]: Running in initial RAM disk.
Dec 31 21:03:24 localhost systemd[1]: Set hostname to <localhost.localdomain>.
Dec 31 21:03:24 localhost kernel: random: systemd: uninitialized urandom read (16 bytes read)
Dec 31 21:03:24 localhost kernel: random: systemd: uninitialized urandom read (16 bytes read)
Dec 31 21:03:24 localhost kernel: random: systemd: uninitialized urandom read (16 bytes read)
Dec 31 21:03:24 localhost kernel: random: systemd: uninitialized urandom read (16 bytes read)
Dec 31 21:03:24 localhost kernel: random: systemd: uninitialized urandom read (16 bytes read)
Dec 31 21:03:24 localhost kernel: random: systemd: uninitialized urandom read (16 bytes read)
Dec 31 21:03:24 localhost kernel: random: systemd: uninitialized urandom read (16 bytes read)
Dec 31 21:03:24 localhost systemd[1]: Reached target Swap.
Dec 31 21:03:24 localhost systemd[1]: Reached target Timers.
Dec 31 21:03:24 localhost systemd[1]: Reached target Local File Systems.
Dec 31 21:03:24 localhost systemd[1]: Created slice Root Slice.
Dec 31 21:03:24 localhost systemd[1]: Listening on udev Control Socket.
Dec 31 21:03:24 localhost systemd[1]: Listening on udev Kernel Socket.
Dec 31 21:03:24 localhost systemd[1]: Created slice System Slice.
Dec 31 21:03:24 localhost systemd[1]: Reached target Slices.
Dec 31 21:03:24 localhost systemd[1]: Listening on Journal Socket.
Dec 31 21:03:24 localhost systemd[1]: Starting Setup Virtual Console...
Dec 31 21:03:24 localhost systemd[1]: Starting Create list of required static device nodes for the current kernel...
Dec 31 21:03:24 localhost systemd[1]: Reached target Sockets.
Dec 31 21:03:24 localhost systemd[1]: Starting Journal Service...
Dec 31 21:03:24 localhost systemd[1]: Starting Apply Kernel Variables...
Dec 31 21:03:24 localhost systemd[1]: Starting dracut cmdline hook...
Dec 31 21:03:24 localhost systemd[1]: Started Create list of required static device nodes for the current kernel.
Dec 31 21:03:24 localhost systemd[1]: Started Apply Kernel Variables.
Dec 31 21:03:24 localhost systemd[1]: Starting Create Static Device Nodes in /dev...
Dec 31 21:03:24 localhost systemd[1]: Started Create Static Device Nodes in /dev.
Dec 31 21:03:24 localhost journal: Journal started
Dec 31 21:03:24 localhost systemd[1]: Started Journal Service.
Dec 31 21:03:24 localhost systemd: Started Setup Virtual Console.
Dec 31 21:03:24 localhost systemd: Started dracut cmdline hook.
Dec 31 21:03:24 localhost systemd: Starting dracut pre-udev hook...
Dec 31 21:03:24 localhost kernel: device-mapper: uevent: version 1.0.3
Dec 31 21:03:24 localhost kernel: device-mapper: ioctl: 4.37.1-ioctl (2018-04-03) initialised: dm-devel@redhat.com
Dec 31 21:03:24 localhost kernel: usb 1-5: new high-speed USB device number 2 using xhci_hcd
Dec 31 21:03:24 localhost systemd: Started dracut pre-udev hook.
Dec 31 21:03:24 localhost systemd: Starting udev Kernel Device Manager...
Dec 31 21:03:24 localhost systemd-udevd: starting version 219
Dec 31 21:03:24 localhost systemd: Started udev Kernel Device Manager.
Dec 31 21:03:24 localhost systemd: Starting udev Coldplug all Devices...
Dec 31 21:03:24 localhost systemd: Mounting Configuration File System...
Dec 31 21:03:24 localhost systemd: Mounted Configuration File System.
Dec 31 21:03:24 localhost systemd: Started udev Coldplug all Devices.
Dec 31 21:03:24 localhost systemd: Reached target System Initialization.
Dec 31 21:03:24 localhost systemd: Starting Show Plymouth Boot Screen...
Dec 31 21:03:24 localhost systemd: Starting dracut initqueue hook...
Dec 31 21:03:24 localhost systemd: Started Show Plymouth Boot Screen.
Dec 31 21:03:24 localhost systemd: Started Forward Password Requests to Plymouth Directory Watch.
Dec 31 21:03:24 localhost systemd: Reached target Paths.
Dec 31 21:03:24 localhost systemd: Reached target Basic System.
Dec 31 21:03:24 localhost kernel: psmouse serio1: alps: Unknown ALPS touchpad: E7=73 03 28, EC=73 01 07
Dec 31 21:03:24 localhost kernel: libphy: r8169: probed
Dec 31 21:03:24 localhost kernel: r8169 0000:02:00.0 eth0: RTL8168h/8111h, 10:7d:1a:11:1e:8d, XID 541, IRQ 126
Dec 31 21:03:24 localhost kernel: r8169 0000:02:00.0 eth0: jumbo features [frames: 9200 bytes, tx checksumming: ko]
Dec 31 21:03:24 localhost kernel: ahci 0000:00:17.0: SSS flag set, parallel bus scan disabled
Dec 31 21:03:24 localhost kernel: ahci 0000:00:17.0: AHCI 0001.0301 32 slots 2 ports 6 Gbps 0x3 impl RAID mode
Dec 31 21:03:24 localhost kernel: ahci 0000:00:17.0: flags: 64bit ncq stag pm led clo only pio slum part deso sadm sds apst 
Dec 31 21:03:24 localhost kernel: scsi host0: ahci
Dec 31 21:03:24 localhost kernel: scsi host1: ahci
Dec 31 21:03:24 localhost kernel: ata1: SATA max UDMA/133 abar m2048@0xf1233000 port 0xf1233100 irq 127
Dec 31 21:03:24 localhost kernel: ata2: SATA max UDMA/133 abar m2048@0xf1233000 port 0xf1233180 irq 127
Dec 31 21:03:24 localhost kernel: usb 1-5: New USB device found, idVendor=0bda, idProduct=5689, bcdDevice=61.11
Dec 31 21:03:24 localhost kernel: usb 1-5: New USB device strings: Mfr=3, Product=1, SerialNumber=2
Dec 31 21:03:24 localhost kernel: usb 1-5: Product: Integrated Webcam
Dec 31 21:03:24 localhost kernel: usb 1-5: Manufacturer: CNFFH36N173071039122
Dec 31 21:03:24 localhost kernel: usb 1-5: SerialNumber: 0x0001
Dec 31 21:03:25 localhost kernel: tsc: Refined TSC clocksource calibration: 2711.999 MHz
Dec 31 21:03:25 localhost kernel: Switched to clocksource tsc
Dec 31 21:03:25 localhost kernel: fb: conflicting fb hw usage inteldrmfb vs EFI VGA - removing generic driver
Dec 31 21:03:25 localhost kernel: Console: switching to colour dummy device 80x25
Dec 31 21:03:25 localhost kernel: [drm] Replacing VGA console driver
Dec 31 21:03:25 localhost kernel: [drm] Supports vblank timestamp caching Rev 2 (21.10.2013).
Dec 31 21:03:25 localhost kernel: [drm] Driver supports precise vblank timestamp query.
Dec 31 21:03:25 localhost kernel: vgaarb: device changed decodes: PCI:0000:00:02.0,olddecodes=io+mem,decodes=io+mem:owns=io+mem
Dec 31 21:03:25 localhost kernel: [drm] Finished loading DMC firmware i915/kbl_dmc_ver1_04.bin (v1.4)
Dec 31 21:03:25 localhost kernel: ata1: SATA link up 6.0 Gbps (SStatus 133 SControl 300)
Dec 31 21:03:25 localhost kernel: ata1.00: ACPI cmd f5/00:00:00:00:00:00 (SECURITY FREEZE LOCK) filtered out
Dec 31 21:03:25 localhost kernel: ata1.00: ACPI cmd b1/c1:00:00:00:00:00 (DEVICE CONFIGURATION OVERLAY) filtered out
Dec 31 21:03:25 localhost kernel: ata1.00: ACPI cmd 00/00:00:00:00:00:a0 (NOP) rejected by device (Stat=0x51 Err=0x04)
Dec 31 21:03:25 localhost kernel: ata1.00: ATA-9: SAMSUNG SSD PM871b 2.5 7mm 256GB, MVT03D0Q, max UDMA/133
Dec 31 21:03:25 localhost kernel: ata1.00: 500118192 sectors, multi 16: LBA48 NCQ (depth 31/32), AA
Dec 31 21:03:25 localhost kernel: ata1.00: ACPI cmd f5/00:00:00:00:00:00 (SECURITY FREEZE LOCK) filtered out
Dec 31 21:03:25 localhost kernel: ata1.00: ACPI cmd b1/c1:00:00:00:00:00 (DEVICE CONFIGURATION OVERLAY) filtered out
Dec 31 21:03:25 localhost kernel: ata1.00: ACPI cmd 00/00:00:00:00:00:a0 (NOP) rejected by device (Stat=0x51 Err=0x04)
Dec 31 21:03:25 localhost kernel: ata1.00: configured for UDMA/133
Dec 31 21:03:25 localhost kernel: scsi 0:0:0:0: Direct-Access     ATA      SAMSUNG SSD PM87 3D0Q PQ: 0 ANSI: 5
Dec 31 21:03:25 localhost kernel: usb 1-7: new full-speed USB device number 3 using xhci_hcd
Dec 31 21:03:25 localhost kernel: [drm] Initialized i915 1.6.0 20181204 for 0000:00:02.0 on minor 0
Dec 31 21:03:25 localhost kernel: usb 1-7: New USB device found, idVendor=8087, idProduct=0a2b, bcdDevice= 0.10
Dec 31 21:03:25 localhost kernel: usb 1-7: New USB device strings: Mfr=0, Product=0, SerialNumber=0
Dec 31 21:03:26 localhost kernel: ata2: SATA link down (SStatus 4 SControl 300)
Dec 31 21:03:26 localhost kernel: sd 0:0:0:0: [sda] 500118192 512-byte logical blocks: (256 GB/238 GiB)
Dec 31 21:03:26 localhost kernel: sd 0:0:0:0: [sda] Write Protect is off
Dec 31 21:03:26 localhost kernel: sd 0:0:0:0: [sda] Write cache: enabled, read cache: enabled, doesn't support DPO or FUA
Dec 31 21:03:26 localhost kernel: sda: sda1 sda2 sda3
Dec 31 21:03:26 localhost kernel: sd 0:0:0:0: [sda] Attached SCSI disk
Dec 31 21:03:26 localhost kernel: random: fast init done
Dec 31 21:03:26 localhost kernel: ACPI: Video Device [GFX0] (multi-head: yes  rom: no  post: no)
Dec 31 21:03:26 localhost kernel: input: Video Bus as /devices/LNXSYSTM:00/device:00/PNP0A08:00/LNXVIDEO:00/input/input5
Dec 31 21:03:26 localhost kernel: input: ImPS/2 Generic Wheel Mouse as /devices/platform/i8042/serio1/input/input6
Dec 31 21:03:27 localhost kernel: fbcon: inteldrmfb (fb0) is primary device
Dec 31 21:03:27 localhost kernel: Console: switching to colour frame buffer device 240x67
Dec 31 21:03:27 localhost kernel: i915 0000:00:02.0: fb0: inteldrmfb frame buffer device
Dec 31 21:03:27 localhost systemd: Found device /dev/mapper/centos-root.
Dec 31 21:03:27 localhost systemd: Starting File System Check on /dev/mapper/centos-root...
Dec 31 21:03:27 localhost systemd-fsck: /sbin/fsck.xfs: XFS file system.
Dec 31 21:03:27 localhost systemd: Started File System Check on /dev/mapper/centos-root.
Dec 31 21:03:27 localhost systemd: Started dracut initqueue hook.
Dec 31 21:03:27 localhost systemd: Mounting /sysroot...
Dec 31 21:03:27 localhost systemd: Reached target Remote File Systems (Pre).
Dec 31 21:03:27 localhost systemd: Reached target Remote File Systems.
Dec 31 21:03:27 localhost kernel: SGI XFS with ACLs, security attributes, no debug enabled
Dec 31 21:03:27 localhost kernel: XFS (dm-0): Mounting V5 Filesystem
Dec 31 21:03:27 localhost kernel: XFS (dm-0): Ending clean mount
Dec 31 21:03:27 localhost systemd: Mounted /sysroot.
Dec 31 21:03:27 localhost systemd: Reached target Initrd Root File System.
Dec 31 21:03:27 localhost systemd: Starting Reload Configuration from the Real Root...
Dec 31 21:03:27 localhost systemd: Reloading.
Dec 31 21:03:27 localhost systemd: Started Reload Configuration from the Real Root.
Dec 31 21:03:27 localhost systemd: Reached target Initrd File Systems.
Dec 31 21:03:27 localhost systemd: Reached target Initrd Default Target.
Dec 31 21:03:27 localhost systemd: Starting dracut pre-pivot and cleanup hook...
Dec 31 21:03:28 localhost systemd: Started dracut pre-pivot and cleanup hook.
Dec 31 21:03:28 localhost systemd: Starting Cleaning Up and Shutting Down Daemons...
Dec 31 21:03:28 localhost systemd: Stopped target Timers.
Dec 31 21:03:28 localhost systemd: Starting Plymouth switch root service...
Dec 31 21:03:28 localhost systemd: Stopped dracut pre-pivot and cleanup hook.
Dec 31 21:03:28 localhost systemd: Stopped target Remote File Systems.
Dec 31 21:03:28 localhost systemd: Stopped target Remote File Systems (Pre).
Dec 31 21:03:28 localhost systemd: Stopped dracut initqueue hook.
Dec 31 21:03:28 localhost systemd: Stopped target Initrd Default Target.
Dec 31 21:03:28 localhost systemd: Stopped target Basic System.
Dec 31 21:03:28 localhost systemd: Stopped target Sockets.
Dec 31 21:03:28 localhost systemd: Stopped target Slices.
Dec 31 21:03:28 localhost systemd: Stopped target Paths.
Dec 31 21:03:28 localhost systemd: Stopped target System Initialization.
Dec 31 21:03:28 localhost systemd: Stopped target Swap.
Dec 31 21:03:28 localhost systemd: Stopped udev Coldplug all Devices.
Dec 31 21:03:28 localhost systemd: Stopping udev Kernel Device Manager...
Dec 31 21:03:28 localhost systemd: Stopped Apply Kernel Variables.
Dec 31 21:03:28 localhost systemd: Stopped target Local File Systems.
Dec 31 21:03:28 localhost systemd: Stopped udev Kernel Device Manager.
Dec 31 21:03:28 localhost systemd: Started Cleaning Up and Shutting Down Daemons.
Dec 31 21:03:28 localhost systemd: Stopped Create Static Device Nodes in /dev.
Dec 31 21:03:28 localhost systemd: Stopped Create list of required static device nodes for the current kernel.
Dec 31 21:03:28 localhost systemd: Stopped dracut pre-udev hook.
Dec 31 21:03:28 localhost systemd: Stopped dracut cmdline hook.
Dec 31 21:03:28 localhost systemd: Closed udev Kernel Socket.
Dec 31 21:03:28 localhost systemd: Closed udev Control Socket.
Dec 31 21:03:28 localhost systemd: Starting Cleanup udevd DB...
Dec 31 21:03:28 localhost systemd: Started Plymouth switch root service.
Dec 31 21:03:28 localhost systemd: Started Cleanup udevd DB.
Dec 31 21:03:28 localhost systemd: Reached target Switch Root.
Dec 31 21:03:28 localhost systemd: Starting Switch Root...
Dec 31 21:03:28 localhost systemd: Switching root.
Dec 31 21:03:28 localhost journal: Journal stopped
Dec 31 21:03:28 localhost journal: Runtime journal is using 8.0M (max allowed 182.8M, trying to leave 274.2M free of 1.7G available â†’ current limit 182.8M).
Dec 31 21:03:28 localhost systemd-journald[113]: Received SIGTERM from PID 1 (systemd).
Dec 31 21:03:28 localhost kernel: type=1404 audit(1230775408.184:2): enforcing=1 old_enforcing=0 auid=4294967295 ses=4294967295
Dec 31 21:03:28 localhost kernel: type=1403 audit(1230775408.279:3): policy loaded auid=4294967295 ses=4294967295
Dec 31 21:03:28 localhost systemd[1]: Successfully loaded SELinux policy in 101.089ms.
Dec 31 21:03:28 localhost kernel: ip_tables: (C) 2000-2006 Netfilter Core Team
Dec 31 21:03:28 localhost systemd[1]: Inserted module 'ip_tables'
Dec 31 21:03:28 localhost systemd[1]: Relabelled /dev, /run and /sys/fs/cgroup in 16.555ms.
Dec 31 21:03:28 localhost journal: Journal started
Dec 31 21:03:28 localhost systemd: systemd 219 running in system mode. (+PAM +AUDIT +SELINUX +IMA -APPARMOR +SMACK +SYSVINIT +UTMP +LIBCRYPTSETUP +GCRYPT +GNUTLS +ACL +XZ +LZ4 -SECCOMP +BLKID +ELFUTILS +KMOD +IDN)
Dec 31 21:03:28 localhost systemd: Detected architecture x86-64.
Dec 31 21:03:28 localhost systemd: Set hostname to <localhost.localdomain>.
Dec 31 21:03:28 localhost systemd: Mounted POSIX Message Queue File System.
Dec 31 21:03:28 localhost systemd: Started Collect Read-Ahead Data.
Dec 31 21:03:28 localhost systemd: Mounted Huge Pages File System.
Dec 31 21:03:28 localhost systemd: Started Read and set NIS domainname from /etc/sysconfig/network.
Dec 31 21:03:28 localhost systemd: Started Create list of required static device nodes for the current kernel.
Dec 31 21:03:28 localhost systemd: Starting Create Static Device Nodes in /dev...
Dec 31 21:03:28 localhost systemd: Starting Remount Root and Kernel File Systems...
Dec 31 21:03:28 localhost systemd: Starting Apply Kernel Variables...
Dec 31 21:03:28 localhost systemd: Started Remount Root and Kernel File Systems.
Dec 31 21:03:28 localhost systemd: Starting Rebuild Hardware Database...
Dec 31 21:03:28 localhost systemd: Starting Flush Journal to Persistent Storage...
Dec 31 21:03:28 localhost systemd: Starting Configure read-only root support...
Dec 31 21:03:28 localhost systemd: Started Apply Kernel Variables.
Dec 31 21:03:28 localhost systemd: Started Create Static Device Nodes in /dev.
Dec 31 21:03:28 localhost systemd: Started Flush Journal to Persistent Storage.
Dec 31 21:03:28 localhost systemd: Starting udev Kernel Device Manager...
Dec 31 21:03:28 localhost systemd: Started LVM2 metadata daemon.
Dec 31 21:03:28 localhost systemd-udevd: starting version 219
Dec 31 21:03:28 localhost systemd: Started Configure read-only root support.
Dec 31 21:03:28 localhost systemd: Starting Load/Save Random Seed...
Dec 31 21:03:28 localhost systemd: Started Load/Save Random Seed.
Dec 31 21:03:28 localhost systemd: Started udev Kernel Device Manager.
Dec 31 21:03:28 localhost systemd: Started Rebuild Hardware Database.
Dec 31 21:03:28 localhost systemd: Starting udev Coldplug all Devices...
Dec 31 21:03:28 localhost systemd: Started udev Coldplug all Devices.
Dec 31 21:03:28 localhost kernel: acpi INT33D5:00: intel-hid: created platform device
Dec 31 21:03:28 localhost kernel: input: Intel HID events as /devices/platform/INT33D5:00/input/input7
Dec 31 21:03:28 localhost kernel: wmi_bus wmi_bus-PNP0C14:00: WQBC data block query control method not found
Dec 31 21:03:28 localhost kernel: mei_me 0000:00:16.0: enabling device (0000 -> 0002)
Dec 31 21:03:28 localhost systemd: Created slice system-systemd\x2dbacklight.slice.
Dec 31 21:03:28 localhost kernel: Linux video capture interface: v2.00
Dec 31 21:03:28 localhost systemd: Starting Load/Save Screen Backlight Brightness of backlight:intel_backlight...
Dec 31 21:03:28 localhost kernel: i801_smbus 0000:00:1f.4: SMBus using PCI interrupt
Dec 31 21:03:28 localhost systemd: Started Load/Save Screen Backlight Brightness of backlight:intel_backlight.
Dec 31 21:03:28 localhost kernel: input: PC Speaker as /devices/platform/pcspkr/input/input8
Dec 31 21:03:28 localhost kernel: cryptd: max_cpu_qlen set to 1000
Dec 31 21:03:28 localhost kernel: uvcvideo: Found UVC 1.00 device Integrated Webcam (0bda:5689)
Dec 31 21:03:28 localhost kernel: AVX2 version of gcm_enc/dec engaged.
Dec 31 21:03:28 localhost kernel: AES CTR mode by8 optimization enabled
Dec 31 21:03:28 localhost kernel: input: Integrated Webcam as /devices/pci0000:00/0000:00:14.0/usb1/1-5/1-5:1.0/input/input9
Dec 31 21:03:28 localhost kernel: usbcore: registered new interface driver uvcvideo
Dec 31 21:03:28 localhost kernel: USB Video Class driver (1.1.1)
Dec 31 21:03:28 localhost kernel: dcdbas dcdbas: Dell Systems Management Base Driver (version 5.6.0-3.3)
Dec 31 21:03:28 localhost kernel: sd 0:0:0:0: Attached scsi generic sg0 type 0
Dec 31 21:03:28 localhost kernel: idma64 idma64.0: Found Intel integrated DMA 64-bit
Dec 31 21:03:29 localhost kernel: Bluetooth: Core ver 2.22
Dec 31 21:03:29 localhost kernel: NET: Registered protocol family 31
Dec 31 21:03:29 localhost kernel: Bluetooth: HCI device and connection manager initialized
Dec 31 21:03:29 localhost kernel: Bluetooth: HCI socket layer initialized
Dec 31 21:03:29 localhost kernel: Bluetooth: L2CAP socket layer initialized
Dec 31 21:03:29 localhost kernel: Bluetooth: SCO socket layer initialized
Dec 31 21:03:29 localhost kernel: alg: No test for __gcm-aes-aesni (__driver-gcm-aes-aesni)
Dec 31 21:03:29 localhost kernel: alg: No test for __generic-gcm-aes-aesni (__driver-generic-gcm-aes-aesni)
Dec 31 21:03:29 localhost kernel: cfg80211: failed to load regulatory.db
Dec 31 21:03:29 localhost systemd: Found device /dev/mapper/centos-swap.
Dec 31 21:03:29 localhost systemd: Activating swap /dev/mapper/centos-swap...
Dec 31 21:03:29 localhost systemd: Created slice system-lvm2\x2dpvscan.slice.
Dec 31 21:03:29 localhost systemd: Starting LVM2 PV scan on device 8:3...
Dec 31 21:03:29 localhost systemd: Found device SAMSUNG_SSD_PM871b_2.5_7mm_256GB 2.
Dec 31 21:03:29 localhost systemd: Found device SAMSUNG_SSD_PM871b_2.5_7mm_256GB EFI\x20System\x20Partition.
Dec 31 21:03:29 localhost kernel: Adding 3932156k swap on /dev/mapper/centos-swap.  Priority:-2 extents:1 across:3932156k SSFS
Dec 31 21:03:29 localhost systemd: Activated swap /dev/mapper/centos-swap.
Dec 31 21:03:29 localhost systemd: Reached target Swap.
Dec 31 21:03:29 localhost kernel: snd_hda_intel 0000:00:1f.3: enabling device (0000 -> 0002)
Dec 31 21:03:29 localhost lvm: 2 logical volume(s) in volume group "centos" monitored
Dec 31 21:03:29 localhost kernel: iTCO_vendor_support: vendor-support=0
Dec 31 21:03:29 localhost kernel: iTCO_wdt: Intel TCO WatchDog Timer Driver v1.11
Dec 31 21:03:29 localhost kernel: iTCO_wdt: Found a Intel PCH TCO device (Version=4, TCOBASE=0x0400)
Dec 31 21:03:29 localhost lvm: pvscan[632] VG centos run autoactivation.
Dec 31 21:03:29 localhost kernel: iTCO_wdt: initialized. heartbeat=30 sec (nowayout=0)
Dec 31 21:03:29 localhost kernel: input: Dell WMI hotkeys as /devices/platform/PNP0C14:00/wmi_bus/wmi_bus-PNP0C14:00/9DBB5994-A997-11DA-B012-B622A1EF5492/input/input10
Dec 31 21:03:29 localhost kernel: snd_hda_intel 0000:00:1f.3: bound 0000:00:02.0 (ops i915_audio_component_bind_ops [i915])
Dec 31 21:03:29 localhost kernel: intel_rapl: Found RAPL domain package
Dec 31 21:03:29 localhost kernel: intel_rapl: Found RAPL domain core
Dec 31 21:03:29 localhost kernel: intel_rapl: Found RAPL domain uncore
Dec 31 21:03:29 localhost kernel: intel_rapl: Found RAPL domain dram
Dec 31 21:03:29 localhost systemd: Started Monitoring of LVM2 mirrors, snapshots etc. using dmeventd or progress polling.
Dec 31 21:03:29 localhost systemd: Reached target Local File Systems (Pre).
Dec 31 21:03:29 localhost systemd: Mounting /boot...
Dec 31 21:03:29 localhost systemd: Created slice system-systemd\x2drfkill.slice.
Dec 31 21:03:29 localhost systemd: Starting Load/Save RF Kill Switch Status of rfkill0...
Dec 31 21:03:29 localhost kernel: XFS (sda2): Mounting V5 Filesystem
Dec 31 21:03:29 localhost systemd: Started Load/Save RF Kill Switch Status of rfkill0.
Dec 31 21:03:29 localhost lvm: 3 logical volume(s) in volume group "centos" now active
Dec 31 21:03:29 localhost systemd: Found device /dev/mapper/centos-home.
Dec 31 21:03:29 localhost systemd: Mounting /home...
Dec 31 21:03:29 localhost kernel: XFS (sda2): Ending clean mount
Dec 31 21:03:29 localhost systemd: Mounted /boot.
Dec 31 21:03:29 localhost systemd: Mounting /boot/efi...
Dec 31 21:03:29 localhost kernel: XFS (dm-2): Mounting V5 Filesystem
Dec 31 21:03:29 localhost kernel: XFS (dm-2): Ending clean mount
Dec 31 21:03:29 localhost systemd: Mounted /home.
Dec 31 21:03:29 localhost systemd: Mounted /boot/efi.
Dec 31 21:03:29 localhost systemd: Reached target Local File Systems.
Dec 31 21:03:29 localhost systemd: Starting Rebuild Journal Catalog...
Dec 31 21:03:29 localhost systemd: Starting Import network configuration from initramfs...
Dec 31 21:03:29 localhost systemd: Starting Migrate local SELinux policy changes from the old store structure to the new structure...
Dec 31 21:03:29 localhost systemd: Starting Tell Plymouth To Write Out Runtime Data...
Dec 31 21:03:29 localhost systemd: Started Rebuild Journal Catalog.
Dec 31 21:03:29 localhost systemd: Starting Update is Completed...
Dec 31 21:03:29 localhost systemd: Started Tell Plymouth To Write Out Runtime Data.
Dec 31 21:03:29 localhost systemd: Started Update is Completed.
Dec 31 21:03:29 localhost systemd: Started Migrate local SELinux policy changes from the old store structure to the new structure.
Dec 31 21:03:29 localhost kernel: intel_pmc_core:  initialized
Dec 31 21:03:29 localhost kernel: Intel(R) Wireless WiFi driver for Linux
Dec 31 21:03:29 localhost kernel: Copyright(c) 2003- 2015 Intel Corporation
Dec 31 21:03:29 localhost kernel: iwlwifi 0000:03:00.0: enabling device (0000 -> 0002)
Dec 31 21:03:29 localhost systemd: Started LVM2 PV scan on device 8:3.
Dec 31 21:03:29 localhost systemd: Started Import network configuration from initramfs.
Dec 31 21:03:29 localhost systemd: Starting Create Volatile Files and Directories...
Dec 31 21:03:29 localhost kernel: usbcore: registered new interface driver btusb
Dec 31 21:03:29 localhost systemd: Starting Load/Save RF Kill Switch Status of rfkill2...
Dec 31 21:03:29 localhost systemd: Reached target Bluetooth.
Dec 31 21:03:29 localhost systemd: Starting Load/Save RF Kill Switch Status of rfkill1...
Dec 31 21:03:29 localhost kernel: input: DELL07B7:00 044E:120A Touchpad as /devices/pci0000:00/0000:00:15.0/i2c_designware.0/i2c-6/i2c-DELL07B7:00/input/input11
Dec 31 21:03:29 localhost kernel: hid-multitouch 0018:044E:120A.0001: input,hidraw0: <UNKNOWN> HID v1.00 Mouse [DELL07B7:00 044E:120A] on i2c-DELL07B7:00
Dec 31 21:03:29 localhost kernel: Bluetooth: hci0: Bootloader revision 0.0 build 26 week 38 2015
Dec 31 21:03:29 localhost kernel: random: crng init done
Dec 31 21:03:29 localhost kernel: Bluetooth: hci0: Device revision is 16
Dec 31 21:03:29 localhost kernel: Bluetooth: hci0: Secure boot is enabled
Dec 31 21:03:29 localhost kernel: Bluetooth: hci0: OTP lock is enabled
Dec 31 21:03:29 localhost kernel: Bluetooth: hci0: API lock is enabled
Dec 31 21:03:29 localhost kernel: Bluetooth: hci0: Debug lock is disabled
Dec 31 21:03:29 localhost kernel: Bluetooth: hci0: Minimum firmware build 1 week 10 2014
Dec 31 21:03:29 localhost systemd: Started Load/Save RF Kill Switch Status of rfkill1.
Dec 31 21:03:29 localhost kernel: Bluetooth: hci0: Found device firmware: intel/ibt-12-16.sfi
Dec 31 21:03:29 localhost kernel: iwlwifi 0000:03:00.0: Found debug destination: EXTERNAL_DRAM
Dec 31 21:03:29 localhost kernel: iwlwifi 0000:03:00.0: Found debug configuration: 0
Dec 31 21:03:29 localhost kernel: iwlwifi 0000:03:00.0: loaded firmware version 36.77d01142.0 op_mode iwlmvm
Dec 31 21:03:29 localhost systemd: Started Load/Save RF Kill Switch Status of rfkill2.
Dec 31 21:03:29 localhost kernel: dell_laptop: Using i8042 filter function for receiving events
Dec 31 21:03:29 localhost systemd: Starting Load/Save Screen Backlight Brightness of leds:dell::kbd_backlight...
Dec 31 21:03:29 localhost kernel: snd_hda_codec_realtek hdaudioC0D0: autoconfig for ALC3246: line_outs=1 (0x14/0x0/0x0/0x0/0x0) type:speaker
Dec 31 21:03:29 localhost kernel: snd_hda_codec_realtek hdaudioC0D0:    speaker_outs=0 (0x0/0x0/0x0/0x0/0x0)
Dec 31 21:03:29 localhost kernel: snd_hda_codec_realtek hdaudioC0D0:    hp_outs=1 (0x21/0x0/0x0/0x0/0x0)
Dec 31 21:03:29 localhost kernel: snd_hda_codec_realtek hdaudioC0D0:    mono: mono_out=0x0
Dec 31 21:03:29 localhost kernel: snd_hda_codec_realtek hdaudioC0D0:    inputs:
Dec 31 21:03:29 localhost kernel: snd_hda_codec_realtek hdaudioC0D0:      Headset Mic=0x19
Dec 31 21:03:29 localhost kernel: snd_hda_codec_realtek hdaudioC0D0:      Headphone Mic=0x1a
Dec 31 21:03:29 localhost kernel: snd_hda_codec_realtek hdaudioC0D0:      Internal Mic=0x12
Dec 31 21:03:29 localhost systemd: Started Load/Save Screen Backlight Brightness of leds:dell::kbd_backlight.
Dec 31 21:03:29 localhost systemd: Started Create Volatile Files and Directories.
Dec 31 21:03:29 localhost systemd: Starting Security Auditing Service...
Dec 31 21:03:29 localhost auditd[739]: Started dispatcher: /sbin/audispd pid: 741
Dec 31 21:03:29 localhost kernel: type=1305 audit(1230775409.460:4): audit_pid=739 old=0 auid=4294967295 ses=4294967295 subj=system_u:system_r:auditd_t:s0 res=1
Dec 31 21:03:29 localhost audispd: No plugins found, exiting
Dec 31 21:03:29 localhost systemd: Reached target Sound Card.
Dec 31 21:03:29 localhost kernel: input: HDA Intel PCH Headphone Mic as /devices/pci0000:00/0000:00:1f.3/sound/card0/input12
Dec 31 21:03:29 localhost kernel: input: HDA Intel PCH HDMI/DP,pcm=3 as /devices/pci0000:00/0000:00:1f.3/sound/card0/input13
Dec 31 21:03:29 localhost kernel: input: HDA Intel PCH HDMI/DP,pcm=7 as /devices/pci0000:00/0000:00:1f.3/sound/card0/input14
Dec 31 21:03:29 localhost kernel: input: HDA Intel PCH HDMI/DP,pcm=8 as /devices/pci0000:00/0000:00:1f.3/sound/card0/input15
Dec 31 21:03:29 localhost kernel: input: HDA Intel PCH HDMI/DP,pcm=9 as /devices/pci0000:00/0000:00:1f.3/sound/card0/input16
Dec 31 21:03:29 localhost kernel: input: HDA Intel PCH HDMI/DP,pcm=10 as /devices/pci0000:00/0000:00:1f.3/sound/card0/input17
Dec 31 21:03:29 localhost kernel: iwlwifi 0000:03:00.0: Detected Intel(R) Dual Band Wireless AC 8265, REV=0x230
Dec 31 21:03:29 localhost kernel: iwlwifi 0000:03:00.0: Applying debug destination EXTERNAL_DRAM
Dec 31 21:03:29 localhost kernel: iwlwifi 0000:03:00.0: Allocated 0x00400000 bytes for firmware monitor.
Dec 31 21:03:29 localhost kernel: iwlwifi 0000:03:00.0: base HW address: 00:28:f8:b3:02:63
Dec 31 21:03:29 localhost auditd[739]: Init complete, auditd 2.8.5 listening for events (startup state enable)
Dec 31 21:03:29 localhost augenrules: No rules
Dec 31 21:03:29 localhost augenrules: enabled 1
Dec 31 21:03:29 localhost augenrules: failure 1
Dec 31 21:03:29 localhost augenrules: pid 739
Dec 31 21:03:29 localhost augenrules: rate_limit 0
Dec 31 21:03:29 localhost augenrules: backlog_limit 8192
Dec 31 21:03:29 localhost augenrules: lost 0
Dec 31 21:03:29 localhost augenrules: backlog 0
Dec 31 21:03:29 localhost augenrules: enabled 1
Dec 31 21:03:29 localhost augenrules: failure 1
Dec 31 21:03:29 localhost augenrules: pid 739
Dec 31 21:03:29 localhost augenrules: rate_limit 0
Dec 31 21:03:29 localhost augenrules: backlog_limit 8192
Dec 31 21:03:29 localhost augenrules: lost 0
Dec 31 21:03:29 localhost augenrules: backlog 0
Dec 31 21:03:29 localhost systemd: Started Security Auditing Service.
Dec 31 21:03:29 localhost systemd: Starting Update UTMP about System Boot/Shutdown...
Dec 31 21:03:29 localhost systemd: Started Update UTMP about System Boot/Shutdown.
Dec 31 21:03:29 localhost systemd: Starting Load/Save RF Kill Switch Status of rfkill3...
Dec 31 21:03:29 localhost kernel: thermal thermal_zone1: failed to read out thermal zone 1
Dec 31 21:03:29 localhost systemd: Started Load/Save RF Kill Switch Status of rfkill3.
Dec 31 21:03:29 localhost systemd: Reached target System Initialization.
Dec 31 21:03:29 localhost systemd: Started Daily Cleanup of Temporary Directories.
Dec 31 21:03:29 localhost systemd: Reached target Timers.
Dec 31 21:03:29 localhost systemd: Listening on D-Bus System Message Bus Socket.
Dec 31 21:03:29 localhost systemd: Reached target Sockets.
Dec 31 21:03:29 localhost systemd: Reached target Basic System.
Dec 31 21:03:29 localhost systemd: Starting Load CPU microcode update...
Dec 31 21:03:29 localhost systemd: Starting OpenSSH Server Key Generation...
Dec 31 21:03:29 localhost systemd: Starting Permit User Sessions...
Dec 31 21:03:29 localhost systemd: Started irqbalance daemon.
Dec 31 21:03:29 localhost systemd: Starting NTP client/server...
Dec 31 21:03:29 localhost systemd: Starting Dump dmesg to /var/log/dmesg...
Dec 31 21:03:29 localhost systemd: Starting Authorization Manager...
Dec 31 21:03:29 localhost systemd: Starting Login Service...
Dec 31 21:03:29 localhost systemd: Started D-Bus System Message Bus.
Dec 31 21:03:29 localhost chronyd[802]: chronyd version 3.4 starting (+CMDMON +NTP +REFCLOCK +RTC +PRIVDROP +SCFILTER +SIGND +ASYNCDNS +SECHASH +IPV6 +DEBUG)
Dec 31 21:03:29 localhost polkitd[785]: Started polkitd version 0.112
Dec 31 21:03:29 localhost dbus[787]: [system] Successfully activated service 'org.freedesktop.systemd1'
Dec 31 21:03:29 localhost systemd: Started Permit User Sessions.
Dec 31 21:03:29 localhost systemd: Started Load CPU microcode update.
Dec 31 21:03:29 localhost systemd: Started Dump dmesg to /var/log/dmesg.
Dec 31 21:03:29 localhost systemd: Started Command Scheduler.
Dec 31 21:03:29 localhost systemd-logind: New seat seat0.
Dec 31 21:03:29 localhost systemd: Starting Terminate Plymouth Boot Screen...
Dec 31 21:03:29 localhost systemd: Starting Wait for Plymouth Boot Screen to Quit...
Dec 31 21:03:29 localhost systemd: Started Login Service.
Dec 31 21:03:29 localhost systemd-logind: Watching system buttons on /dev/input/event3 (Power Button)
Dec 31 21:03:29 localhost systemd-logind: Watching system buttons on /dev/input/event5 (Video Bus)
Dec 31 21:03:29 localhost systemd-logind: Watching system buttons on /dev/input/event1 (Power Button)
Dec 31 21:03:29 localhost systemd-logind: Watching system buttons on /dev/input/event0 (Lid Switch)
Dec 31 21:03:29 localhost systemd-logind: Watching system buttons on /dev/input/event2 (Sleep Button)
Dec 31 21:03:29 localhost systemd: Started NTP client/server.
Dec 31 21:03:29 localhost systemd: Received SIGRTMIN+21 from PID 293 (plymouthd).
Dec 31 21:03:29 localhost systemd: Started Terminate Plymouth Boot Screen.
Dec 31 21:03:29 localhost systemd: Started Wait for Plymouth Boot Screen to Quit.
Dec 31 21:03:29 localhost systemd: Started Getty on tty1.
Dec 31 21:03:29 localhost systemd: Reached target Login Prompts.
Dec 31 21:03:29 localhost systemd: Started Authorization Manager.
Dec 31 21:03:29 localhost systemd: Starting firewalld - dynamic firewall daemon...
Dec 31 21:03:29 localhost sshd-keygen: Generating SSH2 RSA host key: [  OK  ]
Dec 31 21:03:29 localhost sshd-keygen: Generating SSH2 ECDSA host key: [  OK  ]
Dec 31 21:03:29 localhost sshd-keygen: Generating SSH2 ED25519 host key: [  OK  ]
Dec 31 21:03:29 localhost systemd: Started OpenSSH Server Key Generation.
Dec 31 21:03:30 localhost systemd: Started firewalld - dynamic firewall daemon.
Dec 31 21:03:30 localhost systemd: Reached target Network (Pre).
Dec 31 21:03:30 localhost systemd: Starting Network Manager...
Dec 31 21:03:30 localhost kernel: ip6_tables: (C) 2000-2006 Netfilter Core Team
Dec 31 21:03:30 localhost NetworkManager[868]: <info>  [1230775410.2422] NetworkManager (version 1.18.8-2.el7_9) is starting... (for the first time)
Dec 31 21:03:30 localhost NetworkManager[868]: <info>  [1230775410.2433] Read config: /etc/NetworkManager/NetworkManager.conf (lib: 10-slaves-order.conf)
Dec 31 21:03:30 localhost NetworkManager[868]: <info>  [1230775410.2584] bus-manager: acquired D-Bus service "org.freedesktop.NetworkManager"
Dec 31 21:03:30 localhost systemd: Started Network Manager.
Dec 31 21:03:30 localhost systemd: Starting Network Manager Wait Online...
Dec 31 21:03:30 localhost NetworkManager[868]: <info>  [1230775410.2619] manager[0x558e98745080]: monitoring kernel firmware directory '/lib/firmware'.
Dec 31 21:03:30 localhost dbus[787]: [system] Activating via systemd: service name='org.freedesktop.hostname1' unit='dbus-org.freedesktop.hostname1.service'
Dec 31 21:03:30 localhost kernel: Ebtables v2.0 registered
Dec 31 21:03:30 localhost systemd: Starting Hostname Service...
Dec 31 21:03:30 localhost firewalld[847]: WARNING: AllowZoneDrifting is enabled. This is considered an insecure configuration option. It will be removed in a future release. Please consider disabling it now.
Dec 31 21:03:30 localhost kernel: ip_set: protocol 7
Dec 31 21:03:30 localhost dbus[787]: [system] Successfully activated service 'org.freedesktop.hostname1'
Dec 31 21:03:30 localhost systemd: Started Hostname Service.
Dec 31 21:03:30 localhost NetworkManager[868]: <info>  [1230775410.3163] hostname: hostname: using hostnamed
Dec 31 21:03:30 localhost NetworkManager[868]: <info>  [1230775410.3165] hostname: hostname changed from (none) to "localhost.localdomain"
Dec 31 21:03:30 localhost NetworkManager[868]: <info>  [1230775410.3192] dns-mgr[0x558e98734220]: init: dns=default,systemd-resolved rc-manager=file
Dec 31 21:03:30 localhost NetworkManager[868]: <info>  [1230775410.3201] rfkill3: found Wi-Fi radio killswitch (at /sys/devices/pci0000:00/0000:00:1c.5/0000:03:00.0/ieee80211/phy0/rfkill3) (driver iwlwifi)
Dec 31 21:03:30 localhost NetworkManager[868]: <info>  [1230775410.3203] rfkill0: found Wi-Fi radio killswitch (at /sys/devices/platform/dell-laptop/rfkill/rfkill0) (platform driver dell-laptop)
Dec 31 21:03:30 localhost NetworkManager[868]: <info>  [1230775410.3403] manager[0x558e98745080]: rfkill: Wi-Fi hardware radio set enabled
Dec 31 21:03:30 localhost NetworkManager[868]: <info>  [1230775410.3403] manager[0x558e98745080]: rfkill: WWAN hardware radio set enabled
Dec 31 21:03:30 localhost dbus[787]: [system] Activating via systemd: service name='org.freedesktop.nm_dispatcher' unit='dbus-org.freedesktop.nm-dispatcher.service'
Dec 31 21:03:30 localhost systemd: Starting Network Manager Script Dispatcher Service...
Dec 31 21:03:30 localhost dbus[787]: [system] Successfully activated service 'org.freedesktop.nm_dispatcher'
Dec 31 21:03:30 localhost systemd: Started Network Manager Script Dispatcher Service.
Dec 31 21:03:30 localhost NetworkManager[868]: <info>  [1230775410.3591] settings: Loaded settings plugin: SettingsPluginIfcfg ("/usr/lib64/NetworkManager/1.18.8-2.el7_9/libnm-settings-plugin-ifcfg-rh.so")
Dec 31 21:03:30 localhost NetworkManager[868]: <info>  [1230775410.3596] settings: Loaded settings plugin: NMSIbftPlugin ("/usr/lib64/NetworkManager/1.18.8-2.el7_9/libnm-settings-plugin-ibft.so")
Dec 31 21:03:30 localhost NetworkManager[868]: <info>  [1230775410.3600] settings: Loaded settings plugin: NMSKeyfilePlugin (internal)
Dec 31 21:03:30 localhost NetworkManager[868]: <info>  [1230775410.3681] ifcfg-rh: new connection /etc/sysconfig/network-scripts/ifcfg-p4p1 (202aeed6-0c6e-45ee-b305-87b01b406de6,"p4p1")
Dec 31 21:03:30 localhost NetworkManager[868]: <info>  [1230775410.3708] manager: rfkill: Wi-Fi enabled by radio killswitch; enabled by state file
Dec 31 21:03:30 localhost NetworkManager[868]: <info>  [1230775410.3709] manager: rfkill: WWAN enabled by radio killswitch; enabled by state file
Dec 31 21:03:30 localhost NetworkManager[868]: <info>  [1230775410.3710] manager: Networking is enabled by state file
Dec 31 21:03:30 localhost NetworkManager[868]: <info>  [1230775410.3724] dhcp-init: Using DHCP client 'dhclient'
Dec 31 21:03:30 localhost nm-dispatcher: req:1 'hostname': new request (3 scripts)
Dec 31 21:03:30 localhost nm-dispatcher: req:1 'hostname': start running ordered scripts...
Dec 31 21:03:30 localhost NetworkManager[868]: <info>  [1230775410.3781] Loaded device plugin: NMTeamFactory (/usr/lib64/NetworkManager/1.18.8-2.el7_9/libnm-device-plugin-team.so)
Dec 31 21:03:30 localhost NetworkManager[868]: <info>  [1230775410.3802] Loaded device plugin: NMWifiFactory (/usr/lib64/NetworkManager/1.18.8-2.el7_9/libnm-device-plugin-wifi.so)
Dec 31 21:03:30 localhost NetworkManager[868]: <info>  [1230775410.3844] device (lo): carrier: link connected
Dec 31 21:03:30 localhost NetworkManager[868]: <info>  [1230775410.3854] manager: (lo): new Generic device (/org/freedesktop/NetworkManager/Devices/1)
Dec 31 21:03:30 localhost NetworkManager[868]: <info>  [1230775410.3876] manager: (p4p1): new Ethernet device (/org/freedesktop/NetworkManager/Devices/2)
Dec 31 21:03:30 localhost NetworkManager[868]: <info>  [1230775410.3918] device (p4p1): state change: unmanaged -> unavailable (reason 'managed', sys-iface-state: 'external')
Dec 31 21:03:30 localhost kernel: IPv6: ADDRCONF(NETDEV_UP): p4p1: link is not ready
Dec 31 21:03:30 localhost kernel: nf_conntrack version 0.5.0 (16384 buckets, 65536 max)
Dec 31 21:03:30 localhost kernel: Generic Realtek PHY r8169-200:00: attached PHY driver [Generic Realtek PHY] (mii_bus:phy_addr=r8169-200:00, irq=-2)
Dec 31 21:03:30 localhost kernel: IPv6: ADDRCONF(NETDEV_UP): p4p1: link is not ready
Dec 31 21:03:30 localhost nm-dispatcher: req:2 'connectivity-change': new request (3 scripts)
Dec 31 21:03:30 localhost nm-dispatcher: req:2 'connectivity-change': start running ordered scripts...
Dec 31 21:03:30 localhost NetworkManager[868]: <info>  [1230775410.5492] device (wlp3s0): driver supports Access Point (AP) mode
Dec 31 21:03:30 localhost NetworkManager[868]: <info>  [1230775410.5517] manager: (wlp3s0): new 802.11 Wi-Fi device (/org/freedesktop/NetworkManager/Devices/3)
Dec 31 21:03:30 localhost NetworkManager[868]: <info>  [1230775410.5543] device (wlp3s0): state change: unmanaged -> unavailable (reason 'managed', sys-iface-state: 'external')
Dec 31 21:03:30 localhost kernel: IPv6: ADDRCONF(NETDEV_UP): wlp3s0: link is not ready
Dec 31 21:03:30 localhost kernel: iwlwifi 0000:03:00.0: Applying debug destination EXTERNAL_DRAM
Dec 31 21:03:30 localhost kernel: iwlwifi 0000:03:00.0: Applying debug destination EXTERNAL_DRAM
Dec 31 21:03:30 localhost kernel: iwlwifi 0000:03:00.0: FW already configured (0) - re-configuring
Dec 31 21:03:30 localhost kernel: IPv6: ADDRCONF(NETDEV_UP): wlp3s0: link is not ready
Dec 31 21:03:30 localhost NetworkManager[868]: <info>  [1230775410.7993] device (wlp3s0): set-hw-addr: set MAC address to 42:5B:C0:9D:AC:21 (scanning)
Dec 31 21:03:30 localhost kernel: iwlwifi 0000:03:00.0: Applying debug destination EXTERNAL_DRAM
Dec 31 21:03:30 localhost kernel: Bluetooth: hci0: Waiting for firmware download to complete
Dec 31 21:03:30 localhost kernel: Bluetooth: hci0: Firmware loaded in 1441988 usecs
Dec 31 21:03:30 localhost kernel: Bluetooth: hci0: Waiting for device to boot
Dec 31 21:03:30 localhost kernel: Bluetooth: hci0: Device booted in 11840 usecs
Dec 31 21:03:30 localhost kernel: Bluetooth: hci0: Found Intel DDC parameters: intel/ibt-12-16.ddc
Dec 31 21:03:30 localhost kernel: Bluetooth: hci0: Applying Intel DDC parameters completed
Dec 31 21:03:30 localhost kernel: iwlwifi 0000:03:00.0: Applying debug destination EXTERNAL_DRAM
Dec 31 21:03:31 localhost kernel: iwlwifi 0000:03:00.0: FW already configured (0) - re-configuring
Dec 31 21:03:31 localhost kernel: IPv6: ADDRCONF(NETDEV_UP): wlp3s0: link is not ready
Dec 31 21:03:31 localhost dbus[787]: [system] Activating via systemd: service name='fi.w1.wpa_supplicant1' unit='wpa_supplicant.service'
Dec 31 21:03:31 localhost systemd: Starting WPA Supplicant daemon...
Dec 31 21:03:31 localhost dbus[787]: [system] Successfully activated service 'fi.w1.wpa_supplicant1'
Dec 31 21:03:31 localhost systemd: Started WPA Supplicant daemon.
Dec 31 21:03:31 localhost NetworkManager[868]: <info>  [1230775411.1152] supplicant: wpa_supplicant running
Dec 31 21:03:31 localhost NetworkManager[868]: <info>  [1230775411.1161] device (wlp3s0): supplicant interface state: init -> starting
Dec 31 21:03:31 localhost kernel: bridge: filtering via arp/ip/ip6tables is no longer available by default. Update your scripts to load br_netfilter if you need this.
Dec 31 21:03:31 localhost NetworkManager[868]: <info>  [1230775411.1604] sup-iface[0x558e98795860,wlp3s0]: supports 5 scan SSIDs
Dec 31 21:03:31 localhost NetworkManager[868]: <info>  [1230775411.1616] device (wlp3s0): supplicant interface state: starting -> ready
Dec 31 21:03:31 localhost NetworkManager[868]: <info>  [1230775411.1618] Wi-Fi P2P device controlled by interface wlp3s0 created
Dec 31 21:03:31 localhost NetworkManager[868]: <info>  [1230775411.1623] manager: (p2p-dev-wlp3s0): new 802.11 Wi-Fi P2P device (/org/freedesktop/NetworkManager/Devices/4)
Dec 31 21:03:31 localhost NetworkManager[868]: <info>  [1230775411.1627] device (p2p-dev-wlp3s0): state change: unmanaged -> unavailable (reason 'managed', sys-iface-state: 'external')
Dec 31 21:03:31 localhost NetworkManager[868]: <info>  [1230775411.1648] device (p2p-dev-wlp3s0): state change: unavailable -> disconnected (reason 'none', sys-iface-state: 'managed')
Dec 31 21:03:31 localhost NetworkManager[868]: <info>  [1230775411.1652] device (wlp3s0): state change: unavailable -> disconnected (reason 'supplicant-available', sys-iface-state: 'managed')
Dec 31 21:03:31 localhost kernel: IPv6: ADDRCONF(NETDEV_UP): wlp3s0: link is not ready
Dec 31 21:03:31 localhost NetworkManager[868]: <warn>  [1230775411.1676] sup-iface: failed to cancel p2p connect: P2P cancel failed
Dec 31 21:03:31 localhost NetworkManager[868]: <warn>  [1230775411.1677] supplicant: failed to set WFD IEs on wpa_supplicant: GDBus.Error:org.freedesktop.DBus.Error.InvalidArgs: No such property
Dec 31 21:03:36 localhost NetworkManager[868]: <info>  [1230775416.5917] manager: startup complete
Dec 31 21:03:36 localhost systemd: Started Network Manager Wait Online.
Dec 31 21:03:36 localhost systemd: Starting LSB: Bring up/down networking...
Dec 31 21:03:36 localhost NET[1116]: /etc/sysconfig/network-scripts/ifup-post : updated /etc/resolv.conf
Dec 31 21:03:36 localhost network: Bringing up loopback interface:  [  OK  ]
Dec 31 21:03:36 localhost systemd: Started LSB: Bring up/down networking.
Dec 31 21:03:36 localhost systemd: Reached target Network.
Dec 31 21:03:36 localhost systemd: Starting Dynamic System Tuning Daemon...
Dec 31 21:03:36 localhost systemd: Starting Postfix Mail Transport Agent...
Dec 31 21:03:36 localhost systemd: Starting OpenSSH server daemon...
Dec 31 21:03:36 localhost systemd: Reached target Network is Online.
Dec 31 21:03:36 localhost systemd: Starting Crash recovery kernel arming...
Dec 31 21:03:36 localhost systemd: Starting System Logging Service...
Dec 31 21:03:36 localhost systemd: Started OpenSSH server daemon.
Dec 31 21:03:36 localhost rsyslogd: [origin software="rsyslogd" swVersion="8.24.0-57.el7_9.3" x-pid="1145" x-info="http://www.rsyslog.com"] start
Dec 31 21:03:36 localhost systemd: Started System Logging Service.
Dec 31 21:03:37 localhost kdumpctl: No kdump initial ramdisk found.
Dec 31 21:03:37 localhost kdumpctl: Rebuilding /boot/initramfs-3.10.0-1160.71.1.el7.x86_64kdump.img
Dec 31 21:03:37 localhost systemd: Started Dynamic System Tuning Daemon.
Dec 31 21:03:37 localhost systemd: Started Postfix Mail Transport Agent.
Dec 31 21:03:37 localhost systemd: Reached target Multi-User System.
Dec 31 21:03:37 localhost systemd: Starting Update UTMP about System Runlevel Changes...
Dec 31 21:03:37 localhost systemd: Started Stop Read-Ahead Data Collection 10s After Completed Startup.
Dec 31 21:03:37 localhost systemd: Started Update UTMP about System Runlevel Changes.
Dec 31 21:03:37 localhost dracut: dracut-033-572.el7
Dec 31 21:03:37 localhost dracut: Executing: /usr/sbin/dracut --quiet --hostonly --hostonly-cmdline --hostonly-i18n --hostonly-mode strict -o "plymouth dash resume ifcfg" --mount "/dev/mapper/centos-root /sysroot xfs defaults" --no-hostonly-default-device -f /boot/initramfs-3.10.0-1160.71.1.el7.x86_64kdump.img 3.10.0-1160.71.1.el7.x86_64
Dec 31 21:03:38 localhost dracut: dracut module 'modsign' will not be installed, because command 'keyctl' could not be found!
Dec 31 21:03:38 localhost dracut: dracut module 'busybox' will not be installed, because command 'busybox' could not be found!
Dec 31 21:03:38 localhost dracut: dracut module 'ifcfg' will not be installed, because it's in the list to be omitted!
Dec 31 21:03:38 localhost dracut: dracut module 'plymouth' will not be installed, because it's in the list to be omitted!
Dec 31 21:03:38 localhost dracut: dracut module 'crypt' will not be installed, because command 'cryptsetup' could not be found!
Dec 31 21:03:38 localhost dracut: dracut module 'dmraid' will not be installed, because command 'dmraid' could not be found!
Dec 31 21:03:38 localhost dracut: dracut module 'dmsquash-live-ntfs' will not be installed, because command 'ntfs-3g' could not be found!
Dec 31 21:03:38 localhost dracut: dracut module 'mdraid' will not be installed, because command 'mdadm' could not be found!
Dec 31 21:03:38 localhost dracut: dracut module 'multipath' will not be installed, because command 'multipath' could not be found!
Dec 31 21:03:38 localhost dracut: dracut module 'cifs' will not be installed, because command 'mount.cifs' could not be found!
Dec 31 21:03:38 localhost dracut: dracut module 'iscsi' will not be installed, because command 'iscsistart' could not be found!
